episodes 0-19: success_rate=0.850 mean_reward=-1691.73 mean_actor_loss=0.0124 mean_kl=0.0001 stage=full scheduler_success_rate=0.667
episodes 20-39: success_rate=0.850 mean_reward=-3759.29 mean_actor_loss=0.0124 mean_kl=0.0003 stage=full scheduler_success_rate=0.833
episodes 40-59: success_rate=0.800 mean_reward=-6708.93 mean_actor_loss=0.0124 mean_kl=0.0004 stage=intermediate scheduler_success_rate=1.000
episodes 60-79: success_rate=0.850 mean_reward=632.64 mean_actor_loss=0.0124 mean_kl=0.0001 stage=full scheduler_success_rate=1.000
episodes 80-99: success_rate=0.650 mean_reward=-7542.04 mean_actor_loss=0.0124 mean_kl=0.0009 stage=full scheduler_success_rate=0.667
episodes 100-119: success_rate=0.650 mean_reward=-11586.81 mean_actor_loss=0.0123 mean_kl=0.0013 stage=full scheduler_success_rate=0.750
episodes 120-139: success_rate=0.700 mean_reward=-8982.85 mean_actor_loss=0.0123 mean_kl=0.0009 stage=full scheduler_success_rate=0.833
episodes 140-159: success_rate=0.600 mean_reward=-9418.51 mean_actor_loss=0.0122 mean_kl=0.0008 stage=full scheduler_success_rate=1.000
episodes 160-179: success_rate=0.700 mean_reward=-21550.33 mean_actor_loss=0.0122 mean_kl=0.0017 stage=full scheduler_success_rate=0.833
episodes 180-199: success_rate=0.750 mean_reward=-11829.27 mean_actor_loss=0.0121 mean_kl=0.0012 stage=full scheduler_success_rate=0.833
episodes 200-219: success_rate=0.750 mean_reward=-160.16 mean_actor_loss=0.0121 mean_kl=0.0005 stage=full scheduler_success_rate=0.833
episodes 220-239: success_rate=0.550 mean_reward=-15036.93 mean_actor_loss=0.0121 mean_kl=0.0009 stage=full scheduler_success_rate=0.500
episodes 240-259: success_rate=0.600 mean_reward=-12070.41 mean_actor_loss=0.0120 mean_kl=0.0004 stage=intermediate scheduler_success_rate=1.000
episodes 260-279: success_rate=0.650 mean_reward=-17764.15 mean_actor_loss=0.0120 mean_kl=0.0005 stage=intermediate scheduler_success_rate=0.750
episodes 280-299: success_rate=0.600 mean_reward=-14173.83 mean_actor_loss=0.0120 mean_kl=0.0012 stage=intermediate scheduler_success_rate=1.000
episodes 300-319: success_rate=0.600 mean_reward=-2584.87 mean_actor_loss=0.0120 mean_kl=0.0002 stage=warmup scheduler_success_rate=0.750
episodes 320-339: success_rate=0.550 mean_reward=-1133.59 mean_actor_loss=0.0120 mean_kl=0.0004 stage=intermediate scheduler_success_rate=0.333
episodes 340-359: success_rate=0.600 mean_reward=-2756.96 mean_actor_loss=0.0121 mean_kl=0.0002 stage=intermediate scheduler_success_rate=0.000
episodes 360-379: success_rate=0.300 mean_reward=-1348.93 mean_actor_loss=0.0120 mean_kl=0.0001 stage=warmup scheduler_success_rate=0.000
episodes 380-399: success_rate=0.450 mean_reward=738.50 mean_actor_loss=0.0120 mean_kl=0.0001 stage=warmup scheduler_success_rate=0.600
episodes=400 successes=261 success_rate=0.652 safety_violations=1 stages_visited=('warmup', 'intermediate', 'full') final_stage=warmup
  warmup: 28/47 (0.596), safety_violations=0
  intermediate: 54/78 (0.692), safety_violations=0
  full: 179/275 (0.651), safety_violations=1
