episodes 0-0: success_rate=1.000 mean_reward=835.94 mean_actor_loss=0.0122 mean_kl=0.0000 stage=warmup scheduler_success_rate=1.000
episodes 1-1: success_rate=1.000 mean_reward=830.71 mean_actor_loss=0.0125 mean_kl=0.0000 stage=warmup scheduler_success_rate=1.000
episodes 2-2: success_rate=1.000 mean_reward=831.78 mean_actor_loss=0.0125 mean_kl=0.0000 stage=warmup scheduler_success_rate=1.000
episodes 3-3: success_rate=1.000 mean_reward=828.14 mean_actor_loss=0.0125 mean_kl=0.0000 stage=intermediate scheduler_success_rate=0.000
episodes 4-4: success_rate=1.000 mean_reward=826.91 mean_actor_loss=0.0125 mean_kl=0.0000 stage=intermediate scheduler_success_rate=1.000
episodes 5-5: success_rate=1.000 mean_reward=824.77 mean_actor_loss=0.0125 mean_kl=0.0000 stage=intermediate scheduler_success_rate=1.000
episodes 6-6: success_rate=1.000 mean_reward=830.98 mean_actor_loss=0.0122 mean_kl=0.0000 stage=intermediate scheduler_success_rate=1.000
episodes 7-7: success_rate=1.000 mean_reward=837.31 mean_actor_loss=0.0122 mean_kl=0.0000 stage=full scheduler_success_rate=0.000
episodes 8-8: success_rate=1.000 mean_reward=820.43 mean_actor_loss=0.0122 mean_kl=0.0000 stage=full scheduler_success_rate=1.000
episodes 9-9: success_rate=0.000 mean_reward=-4526.12 mean_actor_loss=0.0125 mean_kl=0.0005 stage=full scheduler_success_rate=0.500
episodes 10-10: success_rate=0.000 mean_reward=-88589.94 mean_actor_loss=0.0125 mean_kl=0.0012 stage=full scheduler_success_rate=0.333
episodes 11-11: success_rate=1.000 mean_reward=806.42 mean_actor_loss=0.0125 mean_kl=0.0000 stage=full scheduler_success_rate=0.500
episodes 12-12: success_rate=1.000 mean_reward=819.74 mean_actor_loss=0.0125 mean_kl=0.0000 stage=full scheduler_success_rate=0.600
episodes 13-13: success_rate=0.000 mean_reward=843.15 mean_actor_loss=0.0125 mean_kl=0.0000 stage=full scheduler_success_rate=0.500
episodes 14-14: success_rate=1.000 mean_reward=720.40 mean_actor_loss=0.0125 mean_kl=0.0000 stage=full scheduler_success_rate=0.500
episodes 15-15: success_rate=1.000 mean_reward=833.60 mean_actor_loss=0.0122 mean_kl=0.0000 stage=full scheduler_success_rate=0.667
episodes 16-16: success_rate=1.000 mean_reward=832.58 mean_actor_loss=0.0122 mean_kl=0.0000 stage=full scheduler_success_rate=0.833
episodes 17-17: success_rate=1.000 mean_reward=721.29 mean_actor_loss=0.0122 mean_kl=0.0000 stage=full scheduler_success_rate=0.833
episodes 18-18: success_rate=1.000 mean_reward=833.55 mean_actor_loss=0.0122 mean_kl=0.0000 stage=full scheduler_success_rate=0.833
episodes 19-19: success_rate=1.000 mean_reward=808.33 mean_actor_loss=0.0122 mean_kl=0.0000 stage=full scheduler_success_rate=1.000
episodes=20 successes=17 success_rate=0.850 safety_violations=0 stages_visited=('warmup', 'intermediate', 'full') final_stage=full
  warmup: 4/4 (1.000), safety_violations=0
  intermediate: 4/4 (1.000), safety_violations=0
  full: 9/12 (0.750), safety_violations=0
