episodes 0-19: success_rate=0.900 mean_reward=-3777.00 mean_actor_loss=0.0124 mean_kl=0.0002 stage=full scheduler_success_rate=1.000
episodes 20-39: success_rate=0.850 mean_reward=-5161.54 mean_actor_loss=0.0123 mean_kl=0.0004 stage=full scheduler_success_rate=0.667
episodes 40-59: success_rate=0.900 mean_reward=-2512.24 mean_actor_loss=0.0123 mean_kl=0.0005 stage=full scheduler_success_rate=0.833
episodes 60-79: success_rate=0.800 mean_reward=698.66 mean_actor_loss=0.0123 mean_kl=0.0002 stage=full scheduler_success_rate=0.833
episodes 80-99: success_rate=0.800 mean_reward=-9131.30 mean_actor_loss=0.0123 mean_kl=0.0011 stage=full scheduler_success_rate=0.667
episodes 100-119: success_rate=0.400 mean_reward=-2101.93 mean_actor_loss=0.0123 mean_kl=0.0007 stage=intermediate scheduler_success_rate=1.000
episodes 120-139: success_rate=0.600 mean_reward=-6712.44 mean_actor_loss=0.0123 mean_kl=0.0012 stage=intermediate scheduler_success_rate=1.000
episodes 140-159: success_rate=0.750 mean_reward=-10281.03 mean_actor_loss=0.0122 mean_kl=0.0010 stage=full scheduler_success_rate=0.667
episodes 160-179: success_rate=0.600 mean_reward=-16457.93 mean_actor_loss=0.0122 mean_kl=0.0019 stage=full scheduler_success_rate=0.000
episodes 180-199: success_rate=0.650 mean_reward=-15590.51 mean_actor_loss=0.0121 mean_kl=0.0015 stage=full scheduler_success_rate=0.500
episodes 200-219: success_rate=0.700 mean_reward=26.78 mean_actor_loss=0.0122 mean_kl=0.0004 stage=full scheduler_success_rate=1.000
episodes 220-239: success_rate=0.700 mean_reward=-8442.99 mean_actor_loss=0.0120 mean_kl=0.0010 stage=full scheduler_success_rate=0.833
episodes 240-259: success_rate=0.650 mean_reward=-13404.65 mean_actor_loss=0.0121 mean_kl=0.0018 stage=full scheduler_success_rate=0.667
episodes 260-279: success_rate=0.750 mean_reward=-20388.98 mean_actor_loss=0.0120 mean_kl=0.0016 stage=full scheduler_success_rate=1.000
episodes 280-299: success_rate=0.700 mean_reward=-8468.70 mean_actor_loss=0.0120 mean_kl=0.0010 stage=full scheduler_success_rate=1.000
episodes 300-319: success_rate=0.700 mean_reward=-7725.58 mean_actor_loss=0.0119 mean_kl=0.0010 stage=full scheduler_success_rate=0.800
episodes 320-339: success_rate=0.600 mean_reward=-17084.04 mean_actor_loss=0.0120 mean_kl=0.0019 stage=intermediate scheduler_success_rate=0.500
episodes 340-359: success_rate=0.800 mean_reward=-15049.25 mean_actor_loss=0.0119 mean_kl=0.0018 stage=full scheduler_success_rate=0.833
episodes 360-379: success_rate=0.750 mean_reward=-27025.64 mean_actor_loss=0.0119 mean_kl=0.0023 stage=intermediate scheduler_success_rate=1.000
episodes 380-399: success_rate=0.800 mean_reward=-4582.48 mean_actor_loss=0.0118 mean_kl=0.0007 stage=full scheduler_success_rate=0.667
episodes=400 successes=288 success_rate=0.720 safety_violations=2 stages_visited=('warmup', 'intermediate', 'full') final_stage=full
  warmup: 13/17 (0.765), safety_violations=0
  intermediate: 42/57 (0.737), safety_violations=0
  full: 233/326 (0.715), safety_violations=2
