episodes 0-19: success_rate=0.900 mean_reward=-370.99 mean_actor_loss=0.0124 mean_kl=0.0001 stage=full scheduler_success_rate=0.833
episodes 20-39: success_rate=0.900 mean_reward=-813.29 mean_actor_loss=0.0124 mean_kl=0.0002 stage=full scheduler_success_rate=1.000
episodes 40-59: success_rate=0.950 mean_reward=769.08 mean_actor_loss=0.0124 mean_kl=0.0000 stage=full scheduler_success_rate=1.000
episodes 60-79: success_rate=0.900 mean_reward=-1489.60 mean_actor_loss=0.0124 mean_kl=0.0001 stage=full scheduler_success_rate=1.000
episodes 80-99: success_rate=1.000 mean_reward=812.76 mean_actor_loss=0.0124 mean_kl=0.0000 stage=full scheduler_success_rate=1.000
episodes 100-119: success_rate=0.900 mean_reward=-418.56 mean_actor_loss=0.0124 mean_kl=0.0002 stage=full scheduler_success_rate=1.000
episodes 120-139: success_rate=0.950 mean_reward=-959.93 mean_actor_loss=0.0124 mean_kl=0.0001 stage=full scheduler_success_rate=1.000
episodes 140-159: success_rate=0.850 mean_reward=-5403.68 mean_actor_loss=0.0124 mean_kl=0.0002 stage=full scheduler_success_rate=1.000
episodes 160-179: success_rate=0.800 mean_reward=-12768.97 mean_actor_loss=0.0124 mean_kl=0.0003 stage=full scheduler_success_rate=1.000
episodes 180-199: success_rate=0.950 mean_reward=-4722.09 mean_actor_loss=0.0124 mean_kl=0.0001 stage=full scheduler_success_rate=1.000
episodes 200-219: success_rate=0.950 mean_reward=812.65 mean_actor_loss=0.0124 mean_kl=0.0000 stage=full scheduler_success_rate=0.833
episodes 220-239: success_rate=0.850 mean_reward=-367.54 mean_actor_loss=0.0124 mean_kl=0.0002 stage=full scheduler_success_rate=0.833
episodes 240-259: success_rate=0.800 mean_reward=-5526.26 mean_actor_loss=0.0124 mean_kl=0.0002 stage=full scheduler_success_rate=0.667
episodes 260-279: success_rate=0.850 mean_reward=753.60 mean_actor_loss=0.0125 mean_kl=0.0000 stage=full scheduler_success_rate=0.833
episodes 280-299: success_rate=0.950 mean_reward=-280.90 mean_actor_loss=0.0124 mean_kl=0.0001 stage=full scheduler_success_rate=0.833
episodes 300-319: success_rate=0.800 mean_reward=-7719.17 mean_actor_loss=0.0124 mean_kl=0.0002 stage=full scheduler_success_rate=0.667
episodes 320-339: success_rate=1.000 mean_reward=818.82 mean_actor_loss=0.0124 mean_kl=0.0000 stage=full scheduler_success_rate=1.000
episodes 340-359: success_rate=0.850 mean_reward=-5227.73 mean_actor_loss=0.0124 mean_kl=0.0002 stage=full scheduler_success_rate=0.833
episodes 360-379: success_rate=0.950 mean_reward=-4771.26 mean_actor_loss=0.0124 mean_kl=0.0003 stage=full scheduler_success_rate=0.833
episodes 380-399: success_rate=0.950 mean_reward=-1328.91 mean_actor_loss=0.0124 mean_kl=0.0001 stage=full scheduler_success_rate=1.000
episodes=400 successes=361 success_rate=0.902 safety_violations=0 stages_visited=('warmup', 'intermediate', 'full') final_stage=full
  warmup: 4/4 (1.000), safety_violations=0
  intermediate: 4/4 (1.000), safety_violations=0
  full: 353/392 (0.901), safety_violations=0
