episodes 0-19: success_rate=0.900 mean_reward=180.32 mean_actor_loss=0.0125 mean_kl=0.0000 stage=full scheduler_success_rate=0.667
episodes 20-39: success_rate=0.900 mean_reward=16.03 mean_actor_loss=0.0125 mean_kl=0.0000 stage=intermediate scheduler_success_rate=0.667
episodes 40-59: success_rate=1.000 mean_reward=147.98 mean_actor_loss=0.0124 mean_kl=0.0000 stage=intermediate scheduler_success_rate=0.750
episodes 60-79: success_rate=0.950 mean_reward=-5.91 mean_actor_loss=0.0124 mean_kl=0.0000 stage=warmup scheduler_success_rate=0.500
episodes 80-99: success_rate=1.000 mean_reward=219.89 mean_actor_loss=0.0124 mean_kl=0.0000 stage=full scheduler_success_rate=0.000
episodes 100-119: success_rate=0.900 mean_reward=219.16 mean_actor_loss=0.0124 mean_kl=0.0000 stage=intermediate scheduler_success_rate=0.000
episodes 120-139: success_rate=1.000 mean_reward=239.23 mean_actor_loss=0.0124 mean_kl=0.0000 stage=intermediate scheduler_success_rate=1.000
episodes 140-159: success_rate=0.900 mean_reward=119.86 mean_actor_loss=0.0124 mean_kl=0.0000 stage=warmup scheduler_success_rate=1.000
episodes 160-179: success_rate=1.000 mean_reward=129.73 mean_actor_loss=0.0124 mean_kl=0.0000 stage=intermediate scheduler_success_rate=0.667
episodes 180-199: success_rate=1.000 mean_reward=150.21 mean_actor_loss=0.0124 mean_kl=0.0000 stage=warmup scheduler_success_rate=1.000
episodes 200-219: success_rate=1.000 mean_reward=-50.83 mean_actor_loss=0.0124 mean_kl=0.0000 stage=warmup scheduler_success_rate=0.500
episodes 220-239: success_rate=1.000 mean_reward=101.33 mean_actor_loss=0.0124 mean_kl=0.0000 stage=warmup scheduler_success_rate=0.500
episodes 240-259: success_rate=1.000 mean_reward=-193.31 mean_actor_loss=0.0124 mean_kl=0.0000 stage=warmup scheduler_success_rate=0.333
episodes 260-279: success_rate=1.000 mean_reward=221.05 mean_actor_loss=0.0124 mean_kl=0.0000 stage=warmup scheduler_success_rate=0.500
episodes 280-299: success_rate=1.000 mean_reward=84.24 mean_actor_loss=0.0124 mean_kl=0.0000 stage=intermediate scheduler_success_rate=0.667
episodes 300-319: success_rate=1.000 mean_reward=312.24 mean_actor_loss=0.0124 mean_kl=0.0000 stage=intermediate scheduler_success_rate=1.000
episodes 320-339: success_rate=0.900 mean_reward=202.86 mean_actor_loss=0.0124 mean_kl=0.0000 stage=intermediate scheduler_success_rate=0.333
episodes 340-359: success_rate=1.000 mean_reward=-47.00 mean_actor_loss=0.0124 mean_kl=0.0000 stage=warmup scheduler_success_rate=0.500
episodes 360-379: success_rate=0.950 mean_reward=-35.93 mean_actor_loss=0.0124 mean_kl=0.0000 stage=warmup scheduler_success_rate=0.500
episodes 380-399: success_rate=1.000 mean_reward=-172.96 mean_actor_loss=0.0124 mean_kl=0.0000 stage=warmup scheduler_success_rate=0.500
episodes 400-419: success_rate=1.000 mean_reward=228.01 mean_actor_loss=0.0124 mean_kl=0.0000 stage=full scheduler_success_rate=1.000
episodes 420-439: success_rate=0.750 mean_reward=-268.89 mean_actor_loss=0.0124 mean_kl=0.0000 stage=intermediate scheduler_success_rate=0.500
episodes 440-459: success_rate=1.000 mean_reward=375.33 mean_actor_loss=0.0124 mean_kl=0.0000 stage=intermediate scheduler_success_rate=1.000
episodes 460-479: success_rate=0.900 mean_reward=-131.86 mean_actor_loss=0.0124 mean_kl=0.0000 stage=warmup scheduler_success_rate=0.667
episodes 480-499: success_rate=0.900 mean_reward=12.88 mean_actor_loss=0.0124 mean_kl=0.0000 stage=intermediate scheduler_success_rate=1.000
episodes 500-519: success_rate=0.950 mean_reward=-18.54 mean_actor_loss=0.0124 mean_kl=0.0000 stage=intermediate scheduler_success_rate=0.500
episodes 520-539: success_rate=0.900 mean_reward=-107.86 mean_actor_loss=0.0125 mean_kl=0.0000 stage=warmup scheduler_success_rate=0.500
episodes 540-559: success_rate=0.950 mean_reward=59.38 mean_actor_loss=0.0125 mean_kl=0.0000 stage=warmup scheduler_success_rate=0.000
episodes 560-579: success_rate=1.000 mean_reward=-177.34 mean_actor_loss=0.0124 mean_kl=0.0000 stage=warmup scheduler_success_rate=0.500
episodes 580-599: success_rate=1.000 mean_reward=244.32 mean_actor_loss=0.0124 mean_kl=0.0000 stage=intermediate scheduler_success_rate=1.000
episodes 600-619: success_rate=1.000 mean_reward=274.62 mean_actor_loss=0.0124 mean_kl=0.0000 stage=intermediate scheduler_success_rate=1.000
episodes 620-639: success_rate=1.000 mean_reward=358.41 mean_actor_loss=0.0125 mean_kl=0.0000 stage=intermediate scheduler_success_rate=0.667
episodes 640-659: success_rate=1.000 mean_reward=-358.25 mean_actor_loss=0.0124 mean_kl=0.0001 stage=warmup scheduler_success_rate=0.333
episodes 660-679: success_rate=1.000 mean_reward=-220.38 mean_actor_loss=0.0125 mean_kl=0.0000 stage=warmup scheduler_success_rate=0.667
episodes 680-699: success_rate=0.950 mean_reward=-0.88 mean_actor_loss=0.0125 mean_kl=0.0000 stage=warmup scheduler_success_rate=0.500
episodes 700-719: success_rate=0.950 mean_reward=-98.23 mean_actor_loss=0.0124 mean_kl=0.0000 stage=full scheduler_success_rate=0.000
episodes 720-739: success_rate=0.950 mean_reward=58.17 mean_actor_loss=0.0125 mean_kl=0.0000 stage=intermediate scheduler_success_rate=0.000
episodes 740-759: success_rate=1.000 mean_reward=292.02 mean_actor_loss=0.0124 mean_kl=0.0000 stage=intermediate scheduler_success_rate=0.750
episodes 760-779: success_rate=1.000 mean_reward=118.37 mean_actor_loss=0.0124 mean_kl=0.0000 stage=intermediate scheduler_success_rate=1.000
episodes 780-799: success_rate=0.800 mean_reward=98.26 mean_actor_loss=0.0125 mean_kl=0.0000 stage=intermediate scheduler_success_rate=1.000
episodes 800-819: success_rate=1.000 mean_reward=-22.94 mean_actor_loss=0.0124 mean_kl=0.0000 stage=warmup scheduler_success_rate=0.667
episodes 820-839: success_rate=0.900 mean_reward=39.26 mean_actor_loss=0.0124 mean_kl=0.0000 stage=warmup scheduler_success_rate=0.667
episodes 840-859: success_rate=1.000 mean_reward=-23.47 mean_actor_loss=0.0124 mean_kl=0.0000 stage=warmup scheduler_success_rate=0.250
episodes 860-879: success_rate=0.900 mean_reward=210.83 mean_actor_loss=0.0124 mean_kl=0.0000 stage=intermediate scheduler_success_rate=0.667
episodes 880-899: success_rate=1.000 mean_reward=-73.01 mean_actor_loss=0.0124 mean_kl=0.0000 stage=warmup scheduler_success_rate=1.000
episodes 900-919: success_rate=1.000 mean_reward=128.13 mean_actor_loss=0.0125 mean_kl=0.0000 stage=intermediate scheduler_success_rate=0.667
episodes 920-939: success_rate=1.000 mean_reward=373.92 mean_actor_loss=0.0125 mean_kl=0.0000 stage=full scheduler_success_rate=1.000
episodes 940-959: success_rate=0.900 mean_reward=304.56 mean_actor_loss=0.0125 mean_kl=0.0001 stage=full scheduler_success_rate=0.500
episodes 960-979: success_rate=1.000 mean_reward=-42.85 mean_actor_loss=0.0124 mean_kl=0.0000 stage=warmup scheduler_success_rate=0.500
episodes 980-999: success_rate=1.000 mean_reward=213.12 mean_actor_loss=0.0124 mean_kl=0.0000 stage=warmup scheduler_success_rate=1.000
episodes 1000-1019: success_rate=0.950 mean_reward=-97.96 mean_actor_loss=0.0125 mean_kl=0.0000 stage=warmup scheduler_success_rate=1.000
episodes 1020-1039: success_rate=0.900 mean_reward=44.21 mean_actor_loss=0.0125 mean_kl=0.0000 stage=warmup scheduler_success_rate=1.000
episodes 1040-1059: success_rate=0.950 mean_reward=406.00 mean_actor_loss=0.0124 mean_kl=0.0000 stage=warmup scheduler_success_rate=0.000
episodes 1060-1079: success_rate=1.000 mean_reward=-28.74 mean_actor_loss=0.0124 mean_kl=0.0000 stage=intermediate scheduler_success_rate=0.000
episodes 1080-1099: success_rate=1.000 mean_reward=40.24 mean_actor_loss=0.0125 mean_kl=0.0000 stage=intermediate scheduler_success_rate=0.000
episodes 1100-1119: success_rate=0.950 mean_reward=91.11 mean_actor_loss=0.0124 mean_kl=0.0000 stage=warmup scheduler_success_rate=0.333
episodes 1120-1139: success_rate=1.000 mean_reward=56.92 mean_actor_loss=0.0125 mean_kl=0.0000 stage=intermediate scheduler_success_rate=0.750
episodes 1140-1159: success_rate=1.000 mean_reward=-30.02 mean_actor_loss=0.0124 mean_kl=0.0000 stage=intermediate scheduler_success_rate=0.667
episodes 1160-1179: success_rate=1.000 mean_reward=308.71 mean_actor_loss=0.0124 mean_kl=0.0000 stage=full scheduler_success_rate=1.000
episodes 1180-1199: success_rate=1.000 mean_reward=45.11 mean_actor_loss=0.0125 mean_kl=0.0000 stage=warmup scheduler_success_rate=0.500
episodes 1200-1219: success_rate=0.950 mean_reward=245.48 mean_actor_loss=0.0125 mean_kl=0.0001 stage=full scheduler_success_rate=0.833
episodes 1220-1239: success_rate=0.950 mean_reward=-85.17 mean_actor_loss=0.0125 mean_kl=0.0000 stage=warmup scheduler_success_rate=0.500
episodes 1240-1259: success_rate=1.000 mean_reward=-167.89 mean_actor_loss=0.0125 mean_kl=0.0000 stage=warmup scheduler_success_rate=0.500
episodes 1260-1279: success_rate=1.000 mean_reward=-21.75 mean_actor_loss=0.0125 mean_kl=0.0000 stage=full scheduler_success_rate=0.000
episodes 1280-1299: success_rate=1.000 mean_reward=-137.50 mean_actor_loss=0.0125 mean_kl=0.0000 stage=warmup scheduler_success_rate=0.000
episodes 1300-1319: success_rate=1.000 mean_reward=143.20 mean_actor_loss=0.0125 mean_kl=0.0000 stage=intermediate scheduler_success_rate=1.000
episodes 1320-1339: success_rate=1.000 mean_reward=135.99 mean_actor_loss=0.0124 mean_kl=0.0001 stage=warmup scheduler_success_rate=0.667
episodes 1340-1359: success_rate=1.000 mean_reward=365.13 mean_actor_loss=0.0125 mean_kl=0.0000 stage=full scheduler_success_rate=1.000
episodes 1360-1379: success_rate=1.000 mean_reward=132.11 mean_actor_loss=0.0124 mean_kl=0.0000 stage=warmup scheduler_success_rate=0.750
episodes 1380-1399: success_rate=0.900 mean_reward=145.59 mean_actor_loss=0.0124 mean_kl=0.0000 stage=intermediate scheduler_success_rate=1.000
episodes 1400-1419: success_rate=1.000 mean_reward=-119.95 mean_actor_loss=0.0124 mean_kl=0.0000 stage=intermediate scheduler_success_rate=0.000
episodes 1420-1439: success_rate=1.000 mean_reward=303.14 mean_actor_loss=0.0124 mean_kl=0.0000 stage=full scheduler_success_rate=0.000
episodes 1440-1459: success_rate=0.850 mean_reward=96.88 mean_actor_loss=0.0124 mean_kl=0.0000 stage=warmup scheduler_success_rate=1.000
episodes 1460-1479: success_rate=0.950 mean_reward=232.34 mean_actor_loss=0.0125 mean_kl=0.0000 stage=intermediate scheduler_success_rate=1.000
episodes 1480-1499: success_rate=0.950 mean_reward=11.04 mean_actor_loss=0.0125 mean_kl=0.0000 stage=intermediate scheduler_success_rate=0.000
episodes 1500-1519: success_rate=1.000 mean_reward=-31.58 mean_actor_loss=0.0124 mean_kl=0.0000 stage=warmup scheduler_success_rate=0.667
episodes 1520-1539: success_rate=1.000 mean_reward=-13.48 mean_actor_loss=0.0125 mean_kl=0.0000 stage=warmup scheduler_success_rate=0.667
episodes 1540-1559: success_rate=0.900 mean_reward=-35.06 mean_actor_loss=0.0124 mean_kl=0.0000 stage=intermediate scheduler_success_rate=1.000
episodes 1560-1579: success_rate=0.800 mean_reward=-86.62 mean_actor_loss=0.0125 mean_kl=0.0000 stage=full scheduler_success_rate=0.000
episodes 1580-1599: success_rate=0.900 mean_reward=-119.68 mean_actor_loss=0.0125 mean_kl=0.0000 stage=warmup scheduler_success_rate=0.000
episodes 1600-1619: success_rate=1.000 mean_reward=-182.46 mean_actor_loss=0.0124 mean_kl=0.0000 stage=warmup scheduler_success_rate=0.500
episodes 1620-1639: success_rate=1.000 mean_reward=-264.10 mean_actor_loss=0.0125 mean_kl=0.0001 stage=warmup scheduler_success_rate=0.333
episodes 1640-1659: success_rate=1.000 mean_reward=-20.19 mean_actor_loss=0.0124 mean_kl=0.0000 stage=warmup scheduler_success_rate=0.667
episodes 1660-1679: success_rate=0.950 mean_reward=252.72 mean_actor_loss=0.0125 mean_kl=0.0000 stage=intermediate scheduler_success_rate=0.000
episodes 1680-1699: success_rate=0.950 mean_reward=240.60 mean_actor_loss=0.0124 mean_kl=0.0000 stage=intermediate scheduler_success_rate=1.000
episodes 1700-1719: success_rate=0.950 mean_reward=2.14 mean_actor_loss=0.0125 mean_kl=0.0000 stage=intermediate scheduler_success_rate=0.500
episodes 1720-1739: success_rate=1.000 mean_reward=-336.93 mean_actor_loss=0.0124 mean_kl=0.0001 stage=warmup scheduler_success_rate=0.000
episodes 1740-1759: success_rate=1.000 mean_reward=220.39 mean_actor_loss=0.0124 mean_kl=0.0000 stage=intermediate scheduler_success_rate=0.000
episodes 1760-1779: success_rate=1.000 mean_reward=-42.68 mean_actor_loss=0.0124 mean_kl=0.0000 stage=intermediate scheduler_success_rate=0.500
episodes 1780-1799: success_rate=0.850 mean_reward=35.39 mean_actor_loss=0.0125 mean_kl=0.0000 stage=intermediate scheduler_success_rate=0.667
episodes 1800-1819: success_rate=1.000 mean_reward=-18.90 mean_actor_loss=0.0125 mean_kl=0.0000 stage=intermediate scheduler_success_rate=0.500
episodes 1820-1839: success_rate=0.900 mean_reward=191.67 mean_actor_loss=0.0124 mean_kl=0.0000 stage=intermediate scheduler_success_rate=1.000
episodes 1840-1859: success_rate=0.850 mean_reward=-28.09 mean_actor_loss=0.0124 mean_kl=0.0000 stage=intermediate scheduler_success_rate=1.000
episodes 1860-1879: success_rate=1.000 mean_reward=134.85 mean_actor_loss=0.0124 mean_kl=0.0000 stage=warmup scheduler_success_rate=0.667
episodes 1880-1899: success_rate=0.950 mean_reward=165.38 mean_actor_loss=0.0124 mean_kl=0.0000 stage=warmup scheduler_success_rate=0.667
episodes 1900-1919: success_rate=0.850 mean_reward=14.65 mean_actor_loss=0.0125 mean_kl=0.0000 stage=warmup scheduler_success_rate=0.400
episodes 1920-1939: success_rate=1.000 mean_reward=292.65 mean_actor_loss=0.0124 mean_kl=0.0000 stage=intermediate scheduler_success_rate=1.000
episodes 1940-1959: success_rate=0.950 mean_reward=-11.67 mean_actor_loss=0.0125 mean_kl=0.0000 stage=warmup scheduler_success_rate=0.667
episodes 1960-1979: success_rate=1.000 mean_reward=51.12 mean_actor_loss=0.0124 mean_kl=0.0001 stage=intermediate scheduler_success_rate=1.000
episodes 1980-1999: success_rate=1.000 mean_reward=112.99 mean_actor_loss=0.0125 mean_kl=0.0000 stage=warmup scheduler_success_rate=0.500
episodes 2000-2019: success_rate=1.000 mean_reward=372.02 mean_actor_loss=0.0125 mean_kl=0.0001 stage=warmup scheduler_success_rate=1.000
episodes 2020-2039: success_rate=1.000 mean_reward=139.28 mean_actor_loss=0.0125 mean_kl=0.0001 stage=warmup scheduler_success_rate=0.000
episodes 2040-2059: success_rate=1.000 mean_reward=63.93 mean_actor_loss=0.0124 mean_kl=0.0001 stage=warmup scheduler_success_rate=0.500
episodes 2060-2079: success_rate=0.950 mean_reward=193.67 mean_actor_loss=0.0125 mean_kl=0.0001 stage=warmup scheduler_success_rate=1.000
episodes 2080-2099: success_rate=1.000 mean_reward=-23.06 mean_actor_loss=0.0124 mean_kl=0.0000 stage=intermediate scheduler_success_rate=1.000
episodes 2100-2119: success_rate=0.950 mean_reward=-239.22 mean_actor_loss=0.0124 mean_kl=0.0000 stage=intermediate scheduler_success_rate=0.000
episodes 2120-2139: success_rate=1.000 mean_reward=-345.81 mean_actor_loss=0.0124 mean_kl=0.0000 stage=warmup scheduler_success_rate=0.500
episodes 2140-2159: success_rate=1.000 mean_reward=233.51 mean_actor_loss=0.0124 mean_kl=0.0000 stage=warmup scheduler_success_rate=1.000
episodes 2160-2179: success_rate=1.000 mean_reward=60.54 mean_actor_loss=0.0124 mean_kl=0.0000 stage=intermediate scheduler_success_rate=0.000
episodes 2180-2199: success_rate=0.950 mean_reward=362.23 mean_actor_loss=0.0124 mean_kl=0.0000 stage=intermediate scheduler_success_rate=0.000
episodes 2200-2219: success_rate=0.950 mean_reward=126.67 mean_actor_loss=0.0124 mean_kl=0.0000 stage=intermediate scheduler_success_rate=1.000
episodes 2220-2239: success_rate=1.000 mean_reward=127.32 mean_actor_loss=0.0124 mean_kl=0.0000 stage=warmup scheduler_success_rate=0.500
episodes 2240-2259: success_rate=0.950 mean_reward=-1.57 mean_actor_loss=0.0124 mean_kl=0.0000 stage=warmup scheduler_success_rate=0.500
episodes 2260-2279: success_rate=1.000 mean_reward=151.96 mean_actor_loss=0.0125 mean_kl=0.0000 stage=intermediate scheduler_success_rate=1.000
episodes 2280-2299: success_rate=0.900 mean_reward=-31.74 mean_actor_loss=0.0124 mean_kl=0.0000 stage=full scheduler_success_rate=0.000
episodes 2300-2319: success_rate=1.000 mean_reward=119.95 mean_actor_loss=0.0124 mean_kl=0.0000 stage=warmup scheduler_success_rate=0.333
episodes 2320-2339: success_rate=0.850 mean_reward=135.16 mean_actor_loss=0.0125 mean_kl=0.0000 stage=full scheduler_success_rate=1.000
episodes 2340-2359: success_rate=1.000 mean_reward=273.99 mean_actor_loss=0.0125 mean_kl=0.0000 stage=intermediate scheduler_success_rate=0.000
episodes 2360-2379: success_rate=1.000 mean_reward=35.31 mean_actor_loss=0.0124 mean_kl=0.0000 stage=warmup scheduler_success_rate=0.400
episodes 2380-2399: success_rate=1.000 mean_reward=300.22 mean_actor_loss=0.0125 mean_kl=0.0000 stage=intermediate scheduler_success_rate=0.750
episodes 2400-2419: success_rate=0.950 mean_reward=137.53 mean_actor_loss=0.0125 mean_kl=0.0000 stage=intermediate scheduler_success_rate=0.750
episodes 2420-2439: success_rate=1.000 mean_reward=145.43 mean_actor_loss=0.0124 mean_kl=0.0000 stage=warmup scheduler_success_rate=0.667
episodes 2440-2459: success_rate=1.000 mean_reward=-108.96 mean_actor_loss=0.0125 mean_kl=0.0000 stage=warmup scheduler_success_rate=0.333
episodes 2460-2479: success_rate=1.000 mean_reward=153.56 mean_actor_loss=0.0124 mean_kl=0.0000 stage=full scheduler_success_rate=0.500
episodes 2480-2499: success_rate=0.950 mean_reward=82.91 mean_actor_loss=0.0124 mean_kl=0.0000 stage=full scheduler_success_rate=0.000
episodes 2500-2519: success_rate=0.950 mean_reward=-160.10 mean_actor_loss=0.0125 mean_kl=0.0001 stage=warmup scheduler_success_rate=0.667
episodes 2520-2539: success_rate=1.000 mean_reward=52.63 mean_actor_loss=0.0124 mean_kl=0.0001 stage=warmup scheduler_success_rate=0.750
episodes 2540-2559: success_rate=1.000 mean_reward=-130.70 mean_actor_loss=0.0124 mean_kl=0.0001 stage=warmup scheduler_success_rate=0.250
episodes 2560-2579: success_rate=1.000 mean_reward=-79.10 mean_actor_loss=0.0125 mean_kl=0.0000 stage=warmup scheduler_success_rate=0.600
episodes 2580-2599: success_rate=1.000 mean_reward=-188.55 mean_actor_loss=0.0124 mean_kl=0.0000 stage=intermediate scheduler_success_rate=0.667
episodes 2600-2619: success_rate=0.900 mean_reward=53.33 mean_actor_loss=0.0125 mean_kl=0.0000 stage=full scheduler_success_rate=0.000
episodes 2620-2639: success_rate=0.950 mean_reward=-5.57 mean_actor_loss=0.0125 mean_kl=0.0000 stage=warmup scheduler_success_rate=0.667
episodes 2640-2659: success_rate=1.000 mean_reward=41.27 mean_actor_loss=0.0124 mean_kl=0.0000 stage=intermediate scheduler_success_rate=0.500
episodes 2660-2679: success_rate=1.000 mean_reward=-202.16 mean_actor_loss=0.0124 mean_kl=0.0000 stage=warmup scheduler_success_rate=0.500
episodes 2680-2699: success_rate=0.900 mean_reward=111.10 mean_actor_loss=0.0124 mean_kl=0.0000 stage=full scheduler_success_rate=0.333
episodes 2700-2719: success_rate=1.000 mean_reward=201.06 mean_actor_loss=0.0124 mean_kl=0.0000 stage=intermediate scheduler_success_rate=1.000
episodes 2720-2739: success_rate=1.000 mean_reward=283.75 mean_actor_loss=0.0124 mean_kl=0.0000 stage=intermediate scheduler_success_rate=0.750
episodes 2740-2759: success_rate=0.950 mean_reward=-16.71 mean_actor_loss=0.0125 mean_kl=0.0000 stage=warmup scheduler_success_rate=0.500
episodes 2760-2779: success_rate=0.900 mean_reward=209.52 mean_actor_loss=0.0124 mean_kl=0.0000 stage=intermediate scheduler_success_rate=1.000
episodes 2780-2799: success_rate=0.850 mean_reward=46.75 mean_actor_loss=0.0125 mean_kl=0.0000 stage=full scheduler_success_rate=0.000
episodes 2800-2819: success_rate=0.900 mean_reward=-42.90 mean_actor_loss=0.0124 mean_kl=0.0000 stage=warmup scheduler_success_rate=0.667
episodes 2820-2839: success_rate=1.000 mean_reward=71.13 mean_actor_loss=0.0125 mean_kl=0.0000 stage=intermediate scheduler_success_rate=0.667
episodes 2840-2859: success_rate=0.950 mean_reward=-82.19 mean_actor_loss=0.0125 mean_kl=0.0000 stage=warmup scheduler_success_rate=0.500
episodes 2860-2879: success_rate=1.000 mean_reward=-18.47 mean_actor_loss=0.0124 mean_kl=0.0000 stage=warmup scheduler_success_rate=0.667
episodes 2880-2899: success_rate=1.000 mean_reward=-118.94 mean_actor_loss=0.0124 mean_kl=0.0000 stage=warmup scheduler_success_rate=0.500
episodes 2900-2919: success_rate=1.000 mean_reward=150.52 mean_actor_loss=0.0125 mean_kl=0.0000 stage=full scheduler_success_rate=0.800
episodes 2920-2939: success_rate=1.000 mean_reward=-39.03 mean_actor_loss=0.0124 mean_kl=0.0000 stage=warmup scheduler_success_rate=0.500
episodes 2940-2959: success_rate=1.000 mean_reward=-175.99 mean_actor_loss=0.0124 mean_kl=0.0001 stage=warmup scheduler_success_rate=0.500
episodes 2960-2979: success_rate=1.000 mean_reward=51.04 mean_actor_loss=0.0125 mean_kl=0.0000 stage=warmup scheduler_success_rate=0.000
episodes 2980-2999: success_rate=1.000 mean_reward=74.57 mean_actor_loss=0.0125 mean_kl=0.0000 stage=warmup scheduler_success_rate=0.667
episodes 3000-3019: success_rate=0.950 mean_reward=314.13 mean_actor_loss=0.0124 mean_kl=0.0000 stage=intermediate scheduler_success_rate=0.750
episodes 3020-3039: success_rate=0.950 mean_reward=73.93 mean_actor_loss=0.0124 mean_kl=0.0000 stage=full scheduler_success_rate=0.000
episodes 3040-3059: success_rate=1.000 mean_reward=379.61 mean_actor_loss=0.0124 mean_kl=0.0000 stage=full scheduler_success_rate=1.000
episodes 3060-3079: success_rate=0.950 mean_reward=-91.07 mean_actor_loss=0.0125 mean_kl=0.0000 stage=warmup scheduler_success_rate=1.000
episodes 3080-3099: success_rate=1.000 mean_reward=-27.45 mean_actor_loss=0.0124 mean_kl=0.0000 stage=intermediate scheduler_success_rate=0.000
episodes 3100-3119: success_rate=0.950 mean_reward=252.95 mean_actor_loss=0.0124 mean_kl=0.0001 stage=warmup scheduler_success_rate=0.000
episodes 3120-3139: success_rate=1.000 mean_reward=63.66 mean_actor_loss=0.0124 mean_kl=0.0000 stage=warmup scheduler_success_rate=0.750
episodes 3140-3159: success_rate=1.000 mean_reward=-18.34 mean_actor_loss=0.0124 mean_kl=0.0000 stage=warmup scheduler_success_rate=0.200
episodes 3160-3179: success_rate=0.950 mean_reward=61.27 mean_actor_loss=0.0124 mean_kl=0.0000 stage=warmup scheduler_success_rate=1.000
episodes 3180-3199: success_rate=1.000 mean_reward=215.36 mean_actor_loss=0.0124 mean_kl=0.0000 stage=full scheduler_success_rate=0.500
episodes 3200-3219: success_rate=0.950 mean_reward=-226.98 mean_actor_loss=0.0125 mean_kl=0.0000 stage=warmup scheduler_success_rate=0.400
episodes 3220-3239: success_rate=1.000 mean_reward=214.20 mean_actor_loss=0.0124 mean_kl=0.0000 stage=warmup scheduler_success_rate=0.667
episodes 3240-3259: success_rate=1.000 mean_reward=128.86 mean_actor_loss=0.0124 mean_kl=0.0000 stage=warmup scheduler_success_rate=0.333
episodes 3260-3279: success_rate=1.000 mean_reward=208.95 mean_actor_loss=0.0124 mean_kl=0.0001 stage=intermediate scheduler_success_rate=1.000
episodes 3280-3299: success_rate=0.950 mean_reward=-22.51 mean_actor_loss=0.0124 mean_kl=0.0000 stage=warmup scheduler_success_rate=0.000
episodes 3300-3319: success_rate=1.000 mean_reward=-268.92 mean_actor_loss=0.0125 mean_kl=0.0000 stage=warmup scheduler_success_rate=0.333
episodes 3320-3339: success_rate=1.000 mean_reward=213.86 mean_actor_loss=0.0124 mean_kl=0.0000 stage=intermediate scheduler_success_rate=1.000
episodes 3340-3359: success_rate=0.900 mean_reward=33.49 mean_actor_loss=0.0124 mean_kl=0.0000 stage=intermediate scheduler_success_rate=0.750
episodes 3360-3379: success_rate=1.000 mean_reward=-33.56 mean_actor_loss=0.0125 mean_kl=0.0000 stage=warmup scheduler_success_rate=0.500
episodes 3380-3399: success_rate=1.000 mean_reward=457.87 mean_actor_loss=0.0124 mean_kl=0.0000 stage=intermediate scheduler_success_rate=0.000
episodes 3400-3419: success_rate=0.950 mean_reward=229.21 mean_actor_loss=0.0124 mean_kl=0.0000 stage=intermediate scheduler_success_rate=0.000
episodes 3420-3439: success_rate=1.000 mean_reward=-114.82 mean_actor_loss=0.0124 mean_kl=0.0000 stage=warmup scheduler_success_rate=0.500
episodes 3440-3459: success_rate=0.950 mean_reward=154.94 mean_actor_loss=0.0125 mean_kl=0.0000 stage=full scheduler_success_rate=0.667
episodes 3460-3479: success_rate=0.900 mean_reward=183.05 mean_actor_loss=0.0125 mean_kl=0.0001 stage=intermediate scheduler_success_rate=1.000
episodes 3480-3499: success_rate=0.900 mean_reward=183.04 mean_actor_loss=0.0124 mean_kl=0.0000 stage=intermediate scheduler_success_rate=1.000
episodes 3500-3519: success_rate=0.900 mean_reward=98.84 mean_actor_loss=0.0124 mean_kl=0.0000 stage=full scheduler_success_rate=0.667
episodes 3520-3539: success_rate=0.900 mean_reward=18.28 mean_actor_loss=0.0125 mean_kl=0.0000 stage=full scheduler_success_rate=0.000
episodes 3540-3559: success_rate=1.000 mean_reward=-84.40 mean_actor_loss=0.0124 mean_kl=0.0000 stage=warmup scheduler_success_rate=0.500
episodes 3560-3579: success_rate=1.000 mean_reward=454.65 mean_actor_loss=0.0124 mean_kl=0.0000 stage=full scheduler_success_rate=0.000
episodes 3580-3599: success_rate=1.000 mean_reward=-33.98 mean_actor_loss=0.0124 mean_kl=0.0001 stage=warmup scheduler_success_rate=0.000
episodes 3600-3619: success_rate=1.000 mean_reward=-16.29 mean_actor_loss=0.0124 mean_kl=0.0000 stage=warmup scheduler_success_rate=0.667
episodes 3620-3639: success_rate=0.900 mean_reward=35.34 mean_actor_loss=0.0125 mean_kl=0.0000 stage=warmup scheduler_success_rate=0.667
episodes 3640-3659: success_rate=1.000 mean_reward=214.49 mean_actor_loss=0.0124 mean_kl=0.0001 stage=intermediate scheduler_success_rate=1.000
episodes 3660-3679: success_rate=1.000 mean_reward=291.43 mean_actor_loss=0.0124 mean_kl=0.0000 stage=intermediate scheduler_success_rate=0.750
episodes 3680-3699: success_rate=0.850 mean_reward=-102.45 mean_actor_loss=0.0125 mean_kl=0.0000 stage=warmup scheduler_success_rate=0.500
episodes 3700-3719: success_rate=1.000 mean_reward=-194.69 mean_actor_loss=0.0125 mean_kl=0.0000 stage=warmup scheduler_success_rate=0.333
episodes 3720-3739: success_rate=1.000 mean_reward=-125.91 mean_actor_loss=0.0125 mean_kl=0.0000 stage=intermediate scheduler_success_rate=0.600
episodes 3740-3759: success_rate=0.800 mean_reward=108.65 mean_actor_loss=0.0124 mean_kl=0.0000 stage=intermediate scheduler_success_rate=0.667
episodes 3760-3779: success_rate=1.000 mean_reward=127.56 mean_actor_loss=0.0124 mean_kl=0.0000 stage=warmup scheduler_success_rate=1.000
episodes 3780-3799: success_rate=1.000 mean_reward=121.23 mean_actor_loss=0.0124 mean_kl=0.0000 stage=intermediate scheduler_success_rate=0.333
episodes 3800-3819: success_rate=1.000 mean_reward=123.50 mean_actor_loss=0.0125 mean_kl=0.0000 stage=intermediate scheduler_success_rate=0.667
episodes 3820-3839: success_rate=0.950 mean_reward=-86.91 mean_actor_loss=0.0125 mean_kl=0.0000 stage=warmup scheduler_success_rate=0.333
episodes 3840-3859: success_rate=1.000 mean_reward=215.19 mean_actor_loss=0.0124 mean_kl=0.0000 stage=full scheduler_success_rate=0.500
episodes 3860-3879: success_rate=0.950 mean_reward=208.03 mean_actor_loss=0.0125 mean_kl=0.0000 stage=intermediate scheduler_success_rate=0.500
episodes 3880-3899: success_rate=1.000 mean_reward=51.79 mean_actor_loss=0.0124 mean_kl=0.0000 stage=full scheduler_success_rate=0.000
episodes 3900-3919: success_rate=0.900 mean_reward=-137.02 mean_actor_loss=0.0125 mean_kl=0.0000 stage=warmup scheduler_success_rate=0.400
episodes 3920-3939: success_rate=0.950 mean_reward=160.28 mean_actor_loss=0.0125 mean_kl=0.0000 stage=warmup scheduler_success_rate=0.000
episodes 3940-3959: success_rate=0.950 mean_reward=-85.33 mean_actor_loss=0.0124 mean_kl=0.0000 stage=intermediate scheduler_success_rate=0.000
episodes 3960-3979: success_rate=1.000 mean_reward=-228.55 mean_actor_loss=0.0125 mean_kl=0.0000 stage=warmup scheduler_success_rate=0.333
episodes 3980-3999: success_rate=1.000 mean_reward=24.67 mean_actor_loss=0.0125 mean_kl=0.0000 stage=warmup scheduler_success_rate=0.500
episodes 4000-4019: success_rate=1.000 mean_reward=133.01 mean_actor_loss=0.0124 mean_kl=0.0000 stage=intermediate scheduler_success_rate=0.000
episodes 4020-4039: success_rate=0.900 mean_reward=222.04 mean_actor_loss=0.0124 mean_kl=0.0000 stage=intermediate scheduler_success_rate=0.000
episodes 4040-4059: success_rate=1.000 mean_reward=124.72 mean_actor_loss=0.0125 mean_kl=0.0000 stage=warmup scheduler_success_rate=0.500
episodes 4060-4079: success_rate=1.000 mean_reward=45.94 mean_actor_loss=0.0124 mean_kl=0.0001 stage=warmup scheduler_success_rate=0.667
episodes 4080-4099: success_rate=1.000 mean_reward=-260.55 mean_actor_loss=0.0125 mean_kl=0.0000 stage=warmup scheduler_success_rate=0.333
episodes 4100-4119: success_rate=1.000 mean_reward=60.82 mean_actor_loss=0.0124 mean_kl=0.0000 stage=warmup scheduler_success_rate=0.333
episodes 4120-4139: success_rate=0.950 mean_reward=79.84 mean_actor_loss=0.0125 mean_kl=0.0000 stage=warmup scheduler_success_rate=0.500
episodes 4140-4159: success_rate=1.000 mean_reward=-11.94 mean_actor_loss=0.0124 mean_kl=0.0000 stage=warmup scheduler_success_rate=0.200
episodes 4160-4179: success_rate=1.000 mean_reward=43.88 mean_actor_loss=0.0124 mean_kl=0.0000 stage=intermediate scheduler_success_rate=1.000
episodes 4180-4199: success_rate=1.000 mean_reward=137.94 mean_actor_loss=0.0124 mean_kl=0.0000 stage=warmup scheduler_success_rate=0.667
episodes 4200-4219: success_rate=1.000 mean_reward=268.71 mean_actor_loss=0.0125 mean_kl=0.0000 stage=warmup scheduler_success_rate=1.000
episodes 4220-4239: success_rate=1.000 mean_reward=184.04 mean_actor_loss=0.0124 mean_kl=0.0000 stage=full scheduler_success_rate=0.500
episodes 4240-4259: success_rate=0.900 mean_reward=-114.00 mean_actor_loss=0.0125 mean_kl=0.0000 stage=warmup scheduler_success_rate=0.333
episodes 4260-4279: success_rate=1.000 mean_reward=138.28 mean_actor_loss=0.0124 mean_kl=0.0000 stage=intermediate scheduler_success_rate=0.750
episodes 4280-4299: success_rate=1.000 mean_reward=52.93 mean_actor_loss=0.0124 mean_kl=0.0000 stage=warmup scheduler_success_rate=0.667
episodes 4300-4319: success_rate=0.950 mean_reward=106.76 mean_actor_loss=0.0124 mean_kl=0.0000 stage=intermediate scheduler_success_rate=0.000
episodes 4320-4339: success_rate=0.900 mean_reward=171.09 mean_actor_loss=0.0125 mean_kl=0.0000 stage=full scheduler_success_rate=0.750
episodes 4340-4359: success_rate=1.000 mean_reward=-6.20 mean_actor_loss=0.0124 mean_kl=0.0000 stage=warmup scheduler_success_rate=0.500
episodes 4360-4379: success_rate=1.000 mean_reward=226.97 mean_actor_loss=0.0124 mean_kl=0.0000 stage=intermediate scheduler_success_rate=0.500
episodes 4380-4399: success_rate=1.000 mean_reward=294.97 mean_actor_loss=0.0125 mean_kl=0.0000 stage=warmup scheduler_success_rate=0.667
episodes 4400-4419: success_rate=1.000 mean_reward=75.67 mean_actor_loss=0.0125 mean_kl=0.0000 stage=intermediate scheduler_success_rate=0.000
episodes 4420-4439: success_rate=0.900 mean_reward=30.75 mean_actor_loss=0.0125 mean_kl=0.0000 stage=warmup scheduler_success_rate=0.750
episodes 4440-4459: success_rate=1.000 mean_reward=-109.30 mean_actor_loss=0.0124 mean_kl=0.0000 stage=warmup scheduler_success_rate=0.500
episodes 4460-4479: success_rate=1.000 mean_reward=138.74 mean_actor_loss=0.0125 mean_kl=0.0000 stage=full scheduler_success_rate=0.000
episodes 4480-4499: success_rate=1.000 mean_reward=-213.21 mean_actor_loss=0.0124 mean_kl=0.0000 stage=intermediate scheduler_success_rate=0.000
episodes 4500-4519: success_rate=0.950 mean_reward=59.44 mean_actor_loss=0.0124 mean_kl=0.0000 stage=intermediate scheduler_success_rate=0.667
episodes 4520-4539: success_rate=1.000 mean_reward=222.67 mean_actor_loss=0.0125 mean_kl=0.0000 stage=intermediate scheduler_success_rate=0.500
episodes 4540-4559: success_rate=0.900 mean_reward=218.05 mean_actor_loss=0.0125 mean_kl=0.0001 stage=full scheduler_success_rate=0.667
episodes 4560-4579: success_rate=0.900 mean_reward=-221.02 mean_actor_loss=0.0124 mean_kl=0.0000 stage=warmup scheduler_success_rate=0.200
episodes 4580-4599: success_rate=1.000 mean_reward=45.55 mean_actor_loss=0.0125 mean_kl=0.0000 stage=intermediate scheduler_success_rate=0.000
episodes 4600-4619: success_rate=1.000 mean_reward=121.32 mean_actor_loss=0.0125 mean_kl=0.0000 stage=intermediate scheduler_success_rate=0.500
episodes 4620-4639: success_rate=0.900 mean_reward=174.19 mean_actor_loss=0.0125 mean_kl=0.0001 stage=intermediate scheduler_success_rate=1.000
episodes 4640-4659: success_rate=1.000 mean_reward=234.83 mean_actor_loss=0.0124 mean_kl=0.0000 stage=full scheduler_success_rate=1.000
episodes 4660-4679: success_rate=0.900 mean_reward=104.81 mean_actor_loss=0.0124 mean_kl=0.0000 stage=warmup scheduler_success_rate=1.000
episodes 4680-4699: success_rate=1.000 mean_reward=-9.88 mean_actor_loss=0.0124 mean_kl=0.0000 stage=warmup scheduler_success_rate=0.500
episodes 4700-4719: success_rate=1.000 mean_reward=-186.42 mean_actor_loss=0.0124 mean_kl=0.0000 stage=warmup scheduler_success_rate=0.500
episodes 4720-4739: success_rate=1.000 mean_reward=380.21 mean_actor_loss=0.0124 mean_kl=0.0000 stage=full scheduler_success_rate=0.333
episodes 4740-4759: success_rate=0.950 mean_reward=-151.52 mean_actor_loss=0.0124 mean_kl=0.0001 stage=warmup scheduler_success_rate=0.667
episodes 4760-4779: success_rate=1.000 mean_reward=-191.63 mean_actor_loss=0.0124 mean_kl=0.0000 stage=warmup scheduler_success_rate=0.500
episodes 4780-4799: success_rate=1.000 mean_reward=44.82 mean_actor_loss=0.0124 mean_kl=0.0000 stage=warmup scheduler_success_rate=0.500
episodes 4800-4819: success_rate=1.000 mean_reward=299.78 mean_actor_loss=0.0125 mean_kl=0.0000 stage=intermediate scheduler_success_rate=0.750
episodes 4820-4839: success_rate=0.950 mean_reward=15.70 mean_actor_loss=0.0124 mean_kl=0.0001 stage=warmup scheduler_success_rate=0.500
episodes 4840-4859: success_rate=1.000 mean_reward=251.60 mean_actor_loss=0.0125 mean_kl=0.0000 stage=warmup scheduler_success_rate=0.667
episodes 4860-4879: success_rate=0.900 mean_reward=26.46 mean_actor_loss=0.0125 mean_kl=0.0000 stage=intermediate scheduler_success_rate=0.000
episodes 4880-4899: success_rate=1.000 mean_reward=44.98 mean_actor_loss=0.0125 mean_kl=0.0000 stage=warmup scheduler_success_rate=0.000
episodes 4900-4919: success_rate=1.000 mean_reward=126.98 mean_actor_loss=0.0125 mean_kl=0.0000 stage=warmup scheduler_success_rate=0.667
episodes 4920-4939: success_rate=1.000 mean_reward=145.09 mean_actor_loss=0.0124 mean_kl=0.0000 stage=intermediate scheduler_success_rate=1.000
episodes 4940-4959: success_rate=1.000 mean_reward=-155.22 mean_actor_loss=0.0124 mean_kl=0.0000 stage=warmup scheduler_success_rate=0.667
episodes 4960-4979: success_rate=1.000 mean_reward=51.57 mean_actor_loss=0.0125 mean_kl=0.0000 stage=warmup scheduler_success_rate=0.333
episodes 4980-4999: success_rate=1.000 mean_reward=286.30 mean_actor_loss=0.0124 mean_kl=0.0000 stage=full scheduler_success_rate=0.000
episodes 5000-5019: success_rate=0.900 mean_reward=-377.33 mean_actor_loss=0.0124 mean_kl=0.0000 stage=warmup scheduler_success_rate=0.500
episodes 5020-5039: success_rate=1.000 mean_reward=372.76 mean_actor_loss=0.0124 mean_kl=0.0000 stage=full scheduler_success_rate=1.000
episodes 5040-5059: success_rate=0.950 mean_reward=341.71 mean_actor_loss=0.0125 mean_kl=0.0000 stage=full scheduler_success_rate=1.000
episodes 5060-5079: success_rate=0.950 mean_reward=-71.80 mean_actor_loss=0.0125 mean_kl=0.0000 stage=warmup scheduler_success_rate=0.333
episodes 5080-5099: success_rate=1.000 mean_reward=-48.03 mean_actor_loss=0.0124 mean_kl=0.0000 stage=warmup scheduler_success_rate=0.000
episodes 5100-5119: success_rate=1.000 mean_reward=70.63 mean_actor_loss=0.0124 mean_kl=0.0000 stage=warmup scheduler_success_rate=0.667
episodes 5120-5139: success_rate=1.000 mean_reward=137.40 mean_actor_loss=0.0125 mean_kl=0.0001 stage=warmup scheduler_success_rate=0.500
episodes 5140-5159: success_rate=0.950 mean_reward=163.26 mean_actor_loss=0.0124 mean_kl=0.0001 stage=warmup scheduler_success_rate=0.000
episodes 5160-5179: success_rate=1.000 mean_reward=209.49 mean_actor_loss=0.0124 mean_kl=0.0000 stage=intermediate scheduler_success_rate=0.000
episodes 5180-5199: success_rate=0.950 mean_reward=42.76 mean_actor_loss=0.0124 mean_kl=0.0000 stage=intermediate scheduler_success_rate=0.000
episodes 5200-5219: success_rate=1.000 mean_reward=-211.06 mean_actor_loss=0.0124 mean_kl=0.0000 stage=warmup scheduler_success_rate=0.500
episodes 5220-5239: success_rate=1.000 mean_reward=312.28 mean_actor_loss=0.0125 mean_kl=0.0001 stage=intermediate scheduler_success_rate=1.000
episodes 5240-5259: success_rate=0.950 mean_reward=-16.66 mean_actor_loss=0.0124 mean_kl=0.0000 stage=intermediate scheduler_success_rate=0.000
episodes 5260-5279: success_rate=1.000 mean_reward=291.56 mean_actor_loss=0.0124 mean_kl=0.0000 stage=warmup scheduler_success_rate=1.000
episodes 5280-5299: success_rate=1.000 mean_reward=220.08 mean_actor_loss=0.0124 mean_kl=0.0000 stage=warmup scheduler_success_rate=0.667
episodes 5300-5319: success_rate=1.000 mean_reward=-194.12 mean_actor_loss=0.0125 mean_kl=0.0000 stage=warmup scheduler_success_rate=0.333
episodes 5320-5339: success_rate=1.000 mean_reward=147.78 mean_actor_loss=0.0124 mean_kl=0.0000 stage=full scheduler_success_rate=1.000
episodes 5340-5359: success_rate=1.000 mean_reward=208.14 mean_actor_loss=0.0124 mean_kl=0.0000 stage=intermediate scheduler_success_rate=0.000
episodes 5360-5379: success_rate=1.000 mean_reward=131.40 mean_actor_loss=0.0125 mean_kl=0.0000 stage=intermediate scheduler_success_rate=1.000
episodes 5380-5399: success_rate=1.000 mean_reward=47.08 mean_actor_loss=0.0124 mean_kl=0.0000 stage=warmup scheduler_success_rate=0.400
episodes 5400-5419: success_rate=1.000 mean_reward=58.15 mean_actor_loss=0.0125 mean_kl=0.0000 stage=warmup scheduler_success_rate=0.500
episodes 5420-5439: success_rate=1.000 mean_reward=154.90 mean_actor_loss=0.0124 mean_kl=0.0001 stage=intermediate scheduler_success_rate=0.000
episodes 5440-5459: success_rate=1.000 mean_reward=-97.37 mean_actor_loss=0.0124 mean_kl=0.0000 stage=warmup scheduler_success_rate=0.500
episodes 5460-5479: success_rate=1.000 mean_reward=-11.65 mean_actor_loss=0.0125 mean_kl=0.0000 stage=warmup scheduler_success_rate=0.500
episodes 5480-5499: success_rate=1.000 mean_reward=448.15 mean_actor_loss=0.0124 mean_kl=0.0000 stage=intermediate scheduler_success_rate=0.750
episodes 5500-5519: success_rate=0.950 mean_reward=-338.07 mean_actor_loss=0.0125 mean_kl=0.0000 stage=warmup scheduler_success_rate=0.500
episodes 5520-5539: success_rate=0.950 mean_reward=236.15 mean_actor_loss=0.0125 mean_kl=0.0000 stage=full scheduler_success_rate=0.000
episodes 5540-5559: success_rate=0.800 mean_reward=-38.55 mean_actor_loss=0.0124 mean_kl=0.0000 stage=warmup scheduler_success_rate=0.000
episodes 5560-5579: success_rate=1.000 mean_reward=-25.30 mean_actor_loss=0.0125 mean_kl=0.0000 stage=warmup scheduler_success_rate=0.333
episodes 5580-5599: success_rate=1.000 mean_reward=300.39 mean_actor_loss=0.0124 mean_kl=0.0000 stage=intermediate scheduler_success_rate=1.000
episodes 5600-5619: success_rate=0.800 mean_reward=-42.97 mean_actor_loss=0.0125 mean_kl=0.0000 stage=intermediate scheduler_success_rate=1.000
episodes 5620-5639: success_rate=1.000 mean_reward=58.42 mean_actor_loss=0.0124 mean_kl=0.0000 stage=warmup scheduler_success_rate=0.750
episodes 5640-5659: success_rate=1.000 mean_reward=275.25 mean_actor_loss=0.0125 mean_kl=0.0000 stage=intermediate scheduler_success_rate=0.500
episodes 5660-5679: success_rate=0.950 mean_reward=307.90 mean_actor_loss=0.0125 mean_kl=0.0000 stage=warmup scheduler_success_rate=1.000
episodes 5680-5699: success_rate=0.950 mean_reward=267.81 mean_actor_loss=0.0124 mean_kl=0.0000 stage=warmup scheduler_success_rate=0.750
episodes 5700-5719: success_rate=0.950 mean_reward=5.02 mean_actor_loss=0.0125 mean_kl=0.0000 stage=warmup scheduler_success_rate=0.400
episodes 5720-5739: success_rate=1.000 mean_reward=229.88 mean_actor_loss=0.0125 mean_kl=0.0000 stage=full scheduler_success_rate=0.500
episodes 5740-5759: success_rate=0.900 mean_reward=96.53 mean_actor_loss=0.0125 mean_kl=0.0000 stage=intermediate scheduler_success_rate=0.000
episodes 5760-5779: success_rate=1.000 mean_reward=46.74 mean_actor_loss=0.0124 mean_kl=0.0000 stage=intermediate scheduler_success_rate=0.500
episodes 5780-5799: success_rate=1.000 mean_reward=-96.69 mean_actor_loss=0.0124 mean_kl=0.0000 stage=warmup scheduler_success_rate=0.500
episodes 5800-5819: success_rate=1.000 mean_reward=-73.28 mean_actor_loss=0.0124 mean_kl=0.0000 stage=warmup scheduler_success_rate=0.500
episodes 5820-5839: success_rate=1.000 mean_reward=218.11 mean_actor_loss=0.0124 mean_kl=0.0000 stage=full scheduler_success_rate=0.333
episodes 5840-5859: success_rate=0.950 mean_reward=92.34 mean_actor_loss=0.0125 mean_kl=0.0000 stage=intermediate scheduler_success_rate=1.000
episodes 5860-5879: success_rate=0.900 mean_reward=93.26 mean_actor_loss=0.0125 mean_kl=0.0000 stage=full scheduler_success_rate=0.000
episodes 5880-5899: success_rate=0.900 mean_reward=114.50 mean_actor_loss=0.0125 mean_kl=0.0000 stage=intermediate scheduler_success_rate=0.750
episodes 5900-5919: success_rate=0.950 mean_reward=135.93 mean_actor_loss=0.0125 mean_kl=0.0000 stage=full scheduler_success_rate=0.000
episodes 5920-5939: success_rate=0.900 mean_reward=-125.66 mean_actor_loss=0.0125 mean_kl=0.0000 stage=warmup scheduler_success_rate=0.500
episodes 5940-5959: success_rate=1.000 mean_reward=134.92 mean_actor_loss=0.0124 mean_kl=0.0000 stage=warmup scheduler_success_rate=1.000
episodes 5960-5979: success_rate=1.000 mean_reward=247.93 mean_actor_loss=0.0124 mean_kl=0.0000 stage=intermediate scheduler_success_rate=1.000
episodes 5980-5999: success_rate=1.000 mean_reward=316.43 mean_actor_loss=0.0124 mean_kl=0.0000 stage=full scheduler_success_rate=0.000
episodes 6000-6019: success_rate=1.000 mean_reward=205.08 mean_actor_loss=0.0125 mean_kl=0.0000 stage=intermediate scheduler_success_rate=1.000
episodes 6020-6039: success_rate=0.800 mean_reward=19.41 mean_actor_loss=0.0125 mean_kl=0.0001 stage=intermediate scheduler_success_rate=1.000
episodes 6040-6059: success_rate=1.000 mean_reward=-91.12 mean_actor_loss=0.0124 mean_kl=0.0000 stage=warmup scheduler_success_rate=0.333
episodes 6060-6079: success_rate=1.000 mean_reward=273.38 mean_actor_loss=0.0124 mean_kl=0.0001 stage=full scheduler_success_rate=0.000
episodes 6080-6099: success_rate=0.950 mean_reward=-58.36 mean_actor_loss=0.0125 mean_kl=0.0001 stage=warmup scheduler_success_rate=0.000
episodes 6100-6119: success_rate=0.950 mean_reward=102.64 mean_actor_loss=0.0124 mean_kl=0.0001 stage=full scheduler_success_rate=0.333
episodes 6120-6139: success_rate=0.950 mean_reward=-2.91 mean_actor_loss=0.0125 mean_kl=0.0000 stage=full scheduler_success_rate=0.000
episodes 6140-6159: success_rate=0.950 mean_reward=249.29 mean_actor_loss=0.0125 mean_kl=0.0000 stage=intermediate scheduler_success_rate=1.000
episodes 6160-6179: success_rate=0.950 mean_reward=166.63 mean_actor_loss=0.0124 mean_kl=0.0000 stage=warmup scheduler_success_rate=0.667
episodes 6180-6199: success_rate=1.000 mean_reward=153.75 mean_actor_loss=0.0125 mean_kl=0.0001 stage=intermediate scheduler_success_rate=1.000
episodes 6200-6219: success_rate=0.950 mean_reward=237.27 mean_actor_loss=0.0125 mean_kl=0.0001 stage=full scheduler_success_rate=0.000
episodes 6220-6239: success_rate=0.900 mean_reward=286.03 mean_actor_loss=0.0125 mean_kl=0.0001 stage=full scheduler_success_rate=1.000
episodes 6240-6259: success_rate=0.950 mean_reward=60.03 mean_actor_loss=0.0124 mean_kl=0.0000 stage=intermediate scheduler_success_rate=0.600
episodes 6260-6279: success_rate=0.900 mean_reward=28.57 mean_actor_loss=0.0124 mean_kl=0.0000 stage=intermediate scheduler_success_rate=0.750
episodes 6280-6299: success_rate=1.000 mean_reward=-19.12 mean_actor_loss=0.0125 mean_kl=0.0000 stage=warmup scheduler_success_rate=0.500
episodes 6300-6319: success_rate=1.000 mean_reward=288.67 mean_actor_loss=0.0125 mean_kl=0.0001 stage=intermediate scheduler_success_rate=1.000
episodes 6320-6339: success_rate=0.900 mean_reward=17.94 mean_actor_loss=0.0124 mean_kl=0.0000 stage=intermediate scheduler_success_rate=0.000
episodes 6340-6359: success_rate=1.000 mean_reward=297.68 mean_actor_loss=0.0124 mean_kl=0.0000 stage=intermediate scheduler_success_rate=1.000
episodes 6360-6379: success_rate=1.000 mean_reward=142.17 mean_actor_loss=0.0125 mean_kl=0.0000 stage=warmup scheduler_success_rate=0.600
episodes 6380-6399: success_rate=0.950 mean_reward=-69.22 mean_actor_loss=0.0124 mean_kl=0.0000 stage=warmup scheduler_success_rate=0.000
episodes 6400-6419: success_rate=1.000 mean_reward=58.43 mean_actor_loss=0.0124 mean_kl=0.0000 stage=warmup scheduler_success_rate=0.750
episodes 6420-6439: success_rate=0.900 mean_reward=202.44 mean_actor_loss=0.0124 mean_kl=0.0000 stage=full scheduler_success_rate=0.000
episodes 6440-6459: success_rate=1.000 mean_reward=-185.76 mean_actor_loss=0.0124 mean_kl=0.0001 stage=warmup scheduler_success_rate=0.333
episodes 6460-6479: success_rate=1.000 mean_reward=55.49 mean_actor_loss=0.0124 mean_kl=0.0000 stage=warmup scheduler_success_rate=0.333
episodes 6480-6499: success_rate=1.000 mean_reward=-16.25 mean_actor_loss=0.0124 mean_kl=0.0000 stage=warmup scheduler_success_rate=0.667
episodes 6500-6519: success_rate=1.000 mean_reward=49.40 mean_actor_loss=0.0125 mean_kl=0.0000 stage=warmup scheduler_success_rate=0.500
episodes 6520-6539: success_rate=0.950 mean_reward=258.02 mean_actor_loss=0.0125 mean_kl=0.0000 stage=full scheduler_success_rate=0.667
episodes 6540-6559: success_rate=1.000 mean_reward=-118.45 mean_actor_loss=0.0125 mean_kl=0.0000 stage=warmup scheduler_success_rate=0.500
episodes 6560-6579: success_rate=1.000 mean_reward=229.39 mean_actor_loss=0.0124 mean_kl=0.0000 stage=warmup scheduler_success_rate=0.667
episodes 6580-6599: success_rate=1.000 mean_reward=123.27 mean_actor_loss=0.0124 mean_kl=0.0001 stage=intermediate scheduler_success_rate=0.000
episodes 6600-6619: success_rate=1.000 mean_reward=53.49 mean_actor_loss=0.0124 mean_kl=0.0000 stage=intermediate scheduler_success_rate=0.667
episodes 6620-6639: success_rate=0.900 mean_reward=-32.80 mean_actor_loss=0.0125 mean_kl=0.0000 stage=intermediate scheduler_success_rate=0.667
episodes 6640-6659: success_rate=1.000 mean_reward=45.48 mean_actor_loss=0.0124 mean_kl=0.0000 stage=warmup scheduler_success_rate=0.667
episodes 6660-6679: success_rate=1.000 mean_reward=309.86 mean_actor_loss=0.0124 mean_kl=0.0000 stage=full scheduler_success_rate=1.000
episodes 6680-6699: success_rate=0.950 mean_reward=142.28 mean_actor_loss=0.0124 mean_kl=0.0000 stage=full scheduler_success_rate=0.000
episodes 6700-6719: success_rate=0.950 mean_reward=-281.72 mean_actor_loss=0.0124 mean_kl=0.0000 stage=warmup scheduler_success_rate=0.667
episodes 6720-6739: success_rate=1.000 mean_reward=-185.68 mean_actor_loss=0.0124 mean_kl=0.0000 stage=warmup scheduler_success_rate=0.500
episodes 6740-6759: success_rate=1.000 mean_reward=72.89 mean_actor_loss=0.0125 mean_kl=0.0000 stage=intermediate scheduler_success_rate=0.000
episodes 6760-6779: success_rate=1.000 mean_reward=-19.70 mean_actor_loss=0.0124 mean_kl=0.0000 stage=warmup scheduler_success_rate=0.667
episodes 6780-6799: success_rate=0.900 mean_reward=207.81 mean_actor_loss=0.0125 mean_kl=0.0000 stage=full scheduler_success_rate=0.667
episodes 6800-6819: success_rate=1.000 mean_reward=-35.30 mean_actor_loss=0.0124 mean_kl=0.0000 stage=warmup scheduler_success_rate=0.000
episodes 6820-6839: success_rate=1.000 mean_reward=309.63 mean_actor_loss=0.0124 mean_kl=0.0000 stage=intermediate scheduler_success_rate=0.667
episodes 6840-6859: success_rate=0.900 mean_reward=207.54 mean_actor_loss=0.0125 mean_kl=0.0000 stage=intermediate scheduler_success_rate=1.000
episodes 6860-6879: success_rate=1.000 mean_reward=-22.46 mean_actor_loss=0.0125 mean_kl=0.0000 stage=warmup scheduler_success_rate=0.500
episodes 6880-6899: success_rate=1.000 mean_reward=392.10 mean_actor_loss=0.0124 mean_kl=0.0000 stage=full scheduler_success_rate=1.000
episodes 6900-6919: success_rate=1.000 mean_reward=281.86 mean_actor_loss=0.0124 mean_kl=0.0000 stage=warmup scheduler_success_rate=1.000
episodes 6920-6939: success_rate=0.900 mean_reward=364.80 mean_actor_loss=0.0125 mean_kl=0.0000 stage=full scheduler_success_rate=1.000
episodes 6940-6959: success_rate=0.900 mean_reward=-70.68 mean_actor_loss=0.0124 mean_kl=0.0000 stage=full scheduler_success_rate=0.000
episodes 6960-6979: success_rate=0.850 mean_reward=-30.71 mean_actor_loss=0.0125 mean_kl=0.0000 stage=warmup scheduler_success_rate=0.500
episodes 6980-6999: success_rate=1.000 mean_reward=-188.46 mean_actor_loss=0.0124 mean_kl=0.0000 stage=warmup scheduler_success_rate=0.333
episodes 7000-7019: success_rate=1.000 mean_reward=-22.98 mean_actor_loss=0.0125 mean_kl=0.0000 stage=warmup scheduler_success_rate=0.667
episodes 7020-7039: success_rate=1.000 mean_reward=-15.62 mean_actor_loss=0.0124 mean_kl=0.0000 stage=warmup scheduler_success_rate=0.400
episodes 7040-7059: success_rate=1.000 mean_reward=-31.12 mean_actor_loss=0.0125 mean_kl=0.0000 stage=warmup scheduler_success_rate=0.667
episodes 7060-7079: success_rate=0.850 mean_reward=-19.08 mean_actor_loss=0.0125 mean_kl=0.0000 stage=full scheduler_success_rate=0.500
episodes 7080-7099: success_rate=0.900 mean_reward=64.72 mean_actor_loss=0.0124 mean_kl=0.0000 stage=intermediate scheduler_success_rate=1.000
episodes 7100-7119: success_rate=1.000 mean_reward=-173.57 mean_actor_loss=0.0124 mean_kl=0.0000 stage=intermediate scheduler_success_rate=0.000
episodes 7120-7139: success_rate=0.950 mean_reward=249.63 mean_actor_loss=0.0125 mean_kl=0.0001 stage=full scheduler_success_rate=1.000
episodes 7140-7159: success_rate=0.900 mean_reward=182.95 mean_actor_loss=0.0124 mean_kl=0.0000 stage=warmup scheduler_success_rate=1.000
episodes 7160-7179: success_rate=0.950 mean_reward=252.39 mean_actor_loss=0.0124 mean_kl=0.0000 stage=full scheduler_success_rate=0.800
episodes 7180-7199: success_rate=0.950 mean_reward=-85.43 mean_actor_loss=0.0124 mean_kl=0.0000 stage=warmup scheduler_success_rate=0.667
episodes 7200-7219: success_rate=1.000 mean_reward=71.10 mean_actor_loss=0.0124 mean_kl=0.0000 stage=warmup scheduler_success_rate=0.500
episodes 7220-7239: success_rate=1.000 mean_reward=-128.04 mean_actor_loss=0.0124 mean_kl=0.0001 stage=warmup scheduler_success_rate=0.333
episodes 7240-7259: success_rate=1.000 mean_reward=60.08 mean_actor_loss=0.0125 mean_kl=0.0000 stage=intermediate scheduler_success_rate=0.667
episodes 7260-7279: success_rate=0.950 mean_reward=-260.79 mean_actor_loss=0.0124 mean_kl=0.0000 stage=warmup scheduler_success_rate=0.500
episodes 7280-7299: success_rate=1.000 mean_reward=152.97 mean_actor_loss=0.0125 mean_kl=0.0001 stage=full scheduler_success_rate=0.000
episodes 7300-7319: success_rate=0.900 mean_reward=-214.17 mean_actor_loss=0.0125 mean_kl=0.0000 stage=warmup scheduler_success_rate=0.500
episodes 7320-7339: success_rate=1.000 mean_reward=137.63 mean_actor_loss=0.0124 mean_kl=0.0000 stage=warmup scheduler_success_rate=0.333
episodes 7340-7359: success_rate=0.900 mean_reward=359.49 mean_actor_loss=0.0125 mean_kl=0.0000 stage=full scheduler_success_rate=1.000
episodes 7360-7379: success_rate=1.000 mean_reward=-125.56 mean_actor_loss=0.0124 mean_kl=0.0000 stage=warmup scheduler_success_rate=0.500
episodes 7380-7399: success_rate=1.000 mean_reward=58.22 mean_actor_loss=0.0124 mean_kl=0.0000 stage=intermediate scheduler_success_rate=0.667
episodes 7400-7419: success_rate=1.000 mean_reward=-118.17 mean_actor_loss=0.0125 mean_kl=0.0001 stage=warmup scheduler_success_rate=0.167
episodes 7420-7439: success_rate=1.000 mean_reward=374.22 mean_actor_loss=0.0125 mean_kl=0.0000 stage=full scheduler_success_rate=1.000
episodes 7440-7459: success_rate=1.000 mean_reward=-208.71 mean_actor_loss=0.0124 mean_kl=0.0000 stage=warmup scheduler_success_rate=0.333
episodes 7460-7479: success_rate=1.000 mean_reward=132.53 mean_actor_loss=0.0125 mean_kl=0.0001 stage=intermediate scheduler_success_rate=0.333
episodes 7480-7499: success_rate=1.000 mean_reward=50.76 mean_actor_loss=0.0125 mean_kl=0.0001 stage=intermediate scheduler_success_rate=0.000
episodes 7500-7519: success_rate=1.000 mean_reward=149.72 mean_actor_loss=0.0124 mean_kl=0.0000 stage=intermediate scheduler_success_rate=0.333
episodes 7520-7539: success_rate=0.950 mean_reward=73.98 mean_actor_loss=0.0124 mean_kl=0.0000 stage=full scheduler_success_rate=0.333
episodes 7540-7559: success_rate=0.900 mean_reward=277.43 mean_actor_loss=0.0124 mean_kl=0.0000 stage=full scheduler_success_rate=0.000
episodes 7560-7579: success_rate=0.950 mean_reward=240.00 mean_actor_loss=0.0124 mean_kl=0.0000 stage=warmup scheduler_success_rate=1.000
episodes 7580-7599: success_rate=1.000 mean_reward=235.10 mean_actor_loss=0.0124 mean_kl=0.0001 stage=full scheduler_success_rate=1.000
episodes 7600-7619: success_rate=0.950 mean_reward=-94.37 mean_actor_loss=0.0125 mean_kl=0.0000 stage=intermediate scheduler_success_rate=0.500
episodes 7620-7639: success_rate=1.000 mean_reward=137.71 mean_actor_loss=0.0125 mean_kl=0.0000 stage=warmup scheduler_success_rate=1.000
episodes 7640-7659: success_rate=1.000 mean_reward=123.11 mean_actor_loss=0.0125 mean_kl=0.0000 stage=warmup scheduler_success_rate=0.667
episodes 7660-7679: success_rate=0.950 mean_reward=246.89 mean_actor_loss=0.0125 mean_kl=0.0001 stage=full scheduler_success_rate=0.750
episodes 7680-7699: success_rate=1.000 mean_reward=225.25 mean_actor_loss=0.0124 mean_kl=0.0001 stage=intermediate scheduler_success_rate=1.000
episodes 7700-7719: success_rate=1.000 mean_reward=250.08 mean_actor_loss=0.0124 mean_kl=0.0000 stage=full scheduler_success_rate=1.000
episodes 7720-7739: success_rate=0.900 mean_reward=188.79 mean_actor_loss=0.0125 mean_kl=0.0001 stage=full scheduler_success_rate=0.000
episodes 7740-7759: success_rate=0.900 mean_reward=-0.32 mean_actor_loss=0.0125 mean_kl=0.0001 stage=full scheduler_success_rate=0.500
episodes 7760-7779: success_rate=0.950 mean_reward=336.20 mean_actor_loss=0.0125 mean_kl=0.0001 stage=full scheduler_success_rate=0.000
episodes 7780-7799: success_rate=0.950 mean_reward=64.98 mean_actor_loss=0.0125 mean_kl=0.0000 stage=intermediate scheduler_success_rate=0.500
episodes 7800-7819: success_rate=0.950 mean_reward=42.17 mean_actor_loss=0.0125 mean_kl=0.0000 stage=intermediate scheduler_success_rate=0.000
episodes 7820-7839: success_rate=0.950 mean_reward=178.52 mean_actor_loss=0.0125 mean_kl=0.0000 stage=intermediate scheduler_success_rate=1.000
episodes 7840-7859: success_rate=1.000 mean_reward=290.29 mean_actor_loss=0.0125 mean_kl=0.0001 stage=intermediate scheduler_success_rate=1.000
episodes 7860-7879: success_rate=0.950 mean_reward=401.10 mean_actor_loss=0.0125 mean_kl=0.0000 stage=full scheduler_success_rate=0.000
episodes 7880-7899: success_rate=1.000 mean_reward=119.44 mean_actor_loss=0.0125 mean_kl=0.0000 stage=warmup scheduler_success_rate=1.000
episodes 7900-7919: success_rate=1.000 mean_reward=-33.01 mean_actor_loss=0.0125 mean_kl=0.0000 stage=warmup scheduler_success_rate=0.500
episodes 7920-7939: success_rate=1.000 mean_reward=65.90 mean_actor_loss=0.0124 mean_kl=0.0000 stage=intermediate scheduler_success_rate=0.000
episodes 7940-7959: success_rate=0.950 mean_reward=142.76 mean_actor_loss=0.0125 mean_kl=0.0000 stage=full scheduler_success_rate=0.500
episodes 7960-7979: success_rate=1.000 mean_reward=96.44 mean_actor_loss=0.0125 mean_kl=0.0000 stage=intermediate scheduler_success_rate=0.750
episodes 7980-7999: success_rate=0.900 mean_reward=52.03 mean_actor_loss=0.0125 mean_kl=0.0001 stage=intermediate scheduler_success_rate=1.000
episodes 8000-8019: success_rate=0.900 mean_reward=15.62 mean_actor_loss=0.0124 mean_kl=0.0000 stage=warmup scheduler_success_rate=0.000
episodes 8020-8039: success_rate=0.850 mean_reward=-86.29 mean_actor_loss=0.0125 mean_kl=0.0000 stage=full scheduler_success_rate=0.000
episodes 8040-8059: success_rate=0.950 mean_reward=-67.26 mean_actor_loss=0.0125 mean_kl=0.0000 stage=warmup scheduler_success_rate=0.500
episodes 8060-8079: success_rate=0.950 mean_reward=96.40 mean_actor_loss=0.0124 mean_kl=0.0000 stage=full scheduler_success_rate=0.000
episodes 8080-8099: success_rate=0.850 mean_reward=-25.58 mean_actor_loss=0.0125 mean_kl=0.0000 stage=full scheduler_success_rate=0.000
episodes 8100-8119: success_rate=0.900 mean_reward=253.12 mean_actor_loss=0.0125 mean_kl=0.0000 stage=full scheduler_success_rate=1.000
episodes 8120-8139: success_rate=0.800 mean_reward=-300.05 mean_actor_loss=0.0125 mean_kl=0.0000 stage=warmup scheduler_success_rate=0.333
episodes 8140-8159: success_rate=1.000 mean_reward=141.33 mean_actor_loss=0.0125 mean_kl=0.0000 stage=warmup scheduler_success_rate=0.333
episodes 8160-8179: success_rate=1.000 mean_reward=-37.42 mean_actor_loss=0.0124 mean_kl=0.0000 stage=intermediate scheduler_success_rate=0.000
episodes 8180-8199: success_rate=1.000 mean_reward=283.02 mean_actor_loss=0.0125 mean_kl=0.0000 stage=full scheduler_success_rate=0.000
episodes 8200-8219: success_rate=0.950 mean_reward=-115.19 mean_actor_loss=0.0124 mean_kl=0.0000 stage=warmup scheduler_success_rate=0.500
episodes 8220-8239: success_rate=1.000 mean_reward=210.06 mean_actor_loss=0.0124 mean_kl=0.0000 stage=intermediate scheduler_success_rate=0.667
episodes 8240-8259: success_rate=0.850 mean_reward=-124.99 mean_actor_loss=0.0124 mean_kl=0.0000 stage=intermediate scheduler_success_rate=0.500
episodes 8260-8279: success_rate=1.000 mean_reward=-47.65 mean_actor_loss=0.0125 mean_kl=0.0000 stage=intermediate scheduler_success_rate=0.000
episodes 8280-8299: success_rate=1.000 mean_reward=-35.64 mean_actor_loss=0.0124 mean_kl=0.0000 stage=warmup scheduler_success_rate=0.500
episodes 8300-8319: success_rate=1.000 mean_reward=-202.48 mean_actor_loss=0.0124 mean_kl=0.0000 stage=warmup scheduler_success_rate=0.000
episodes 8320-8339: success_rate=1.000 mean_reward=119.84 mean_actor_loss=0.0124 mean_kl=0.0000 stage=warmup scheduler_success_rate=0.000
episodes 8340-8359: success_rate=1.000 mean_reward=237.11 mean_actor_loss=0.0125 mean_kl=0.0000 stage=intermediate scheduler_success_rate=1.000
episodes 8360-8379: success_rate=0.900 mean_reward=-138.38 mean_actor_loss=0.0124 mean_kl=0.0000 stage=warmup scheduler_success_rate=0.000
episodes 8380-8399: success_rate=0.950 mean_reward=73.84 mean_actor_loss=0.0124 mean_kl=0.0000 stage=warmup scheduler_success_rate=1.000
episodes 8400-8419: success_rate=0.850 mean_reward=233.83 mean_actor_loss=0.0124 mean_kl=0.0000 stage=warmup scheduler_success_rate=1.000
episodes 8420-8439: success_rate=1.000 mean_reward=122.46 mean_actor_loss=0.0124 mean_kl=0.0000 stage=warmup scheduler_success_rate=1.000
episodes 8440-8459: success_rate=1.000 mean_reward=134.10 mean_actor_loss=0.0125 mean_kl=0.0000 stage=warmup scheduler_success_rate=0.667
episodes 8460-8479: success_rate=1.000 mean_reward=238.18 mean_actor_loss=0.0124 mean_kl=0.0000 stage=full scheduler_success_rate=1.000
episodes 8480-8499: success_rate=0.900 mean_reward=-37.95 mean_actor_loss=0.0124 mean_kl=0.0000 stage=warmup scheduler_success_rate=0.667
episodes 8500-8519: success_rate=1.000 mean_reward=229.68 mean_actor_loss=0.0124 mean_kl=0.0000 stage=intermediate scheduler_success_rate=0.750
episodes 8520-8539: success_rate=1.000 mean_reward=1.07 mean_actor_loss=0.0124 mean_kl=0.0000 stage=warmup scheduler_success_rate=0.500
episodes 8540-8559: success_rate=1.000 mean_reward=-25.33 mean_actor_loss=0.0125 mean_kl=0.0000 stage=warmup scheduler_success_rate=0.000
episodes 8560-8579: success_rate=1.000 mean_reward=310.04 mean_actor_loss=0.0124 mean_kl=0.0000 stage=intermediate scheduler_success_rate=0.600
episodes 8580-8599: success_rate=0.950 mean_reward=98.72 mean_actor_loss=0.0124 mean_kl=0.0000 stage=warmup scheduler_success_rate=0.000
episodes 8600-8619: success_rate=1.000 mean_reward=-103.76 mean_actor_loss=0.0124 mean_kl=0.0000 stage=warmup scheduler_success_rate=0.333
episodes 8620-8639: success_rate=1.000 mean_reward=62.50 mean_actor_loss=0.0124 mean_kl=0.0000 stage=warmup scheduler_success_rate=0.500
episodes 8640-8659: success_rate=1.000 mean_reward=-97.41 mean_actor_loss=0.0124 mean_kl=0.0000 stage=warmup scheduler_success_rate=0.667
episodes 8660-8679: success_rate=1.000 mean_reward=136.91 mean_actor_loss=0.0124 mean_kl=0.0000 stage=full scheduler_success_rate=0.000
episodes 8680-8699: success_rate=0.950 mean_reward=-171.31 mean_actor_loss=0.0124 mean_kl=0.0000 stage=warmup scheduler_success_rate=0.333
episodes 8700-8719: success_rate=1.000 mean_reward=32.30 mean_actor_loss=0.0124 mean_kl=0.0000 stage=intermediate scheduler_success_rate=0.500
episodes 8720-8739: success_rate=0.950 mean_reward=109.92 mean_actor_loss=0.0124 mean_kl=0.0000 stage=intermediate scheduler_success_rate=0.000
episodes 8740-8759: success_rate=1.000 mean_reward=44.16 mean_actor_loss=0.0124 mean_kl=0.0000 stage=warmup scheduler_success_rate=0.000
episodes 8760-8779: success_rate=0.900 mean_reward=276.12 mean_actor_loss=0.0125 mean_kl=0.0000 stage=full scheduler_success_rate=1.000
episodes 8780-8799: success_rate=0.850 mean_reward=322.82 mean_actor_loss=0.0125 mean_kl=0.0000 stage=intermediate scheduler_success_rate=1.000
episodes 8800-8819: success_rate=1.000 mean_reward=-184.20 mean_actor_loss=0.0125 mean_kl=0.0000 stage=warmup scheduler_success_rate=0.333
episodes 8820-8839: success_rate=1.000 mean_reward=122.15 mean_actor_loss=0.0125 mean_kl=0.0000 stage=intermediate scheduler_success_rate=0.750
episodes 8840-8859: success_rate=0.950 mean_reward=-239.25 mean_actor_loss=0.0125 mean_kl=0.0000 stage=warmup scheduler_success_rate=0.667
episodes 8860-8879: success_rate=1.000 mean_reward=-92.06 mean_actor_loss=0.0124 mean_kl=0.0000 stage=warmup scheduler_success_rate=0.500
episodes 8880-8899: success_rate=1.000 mean_reward=62.96 mean_actor_loss=0.0124 mean_kl=0.0000 stage=warmup scheduler_success_rate=0.500
episodes 8900-8919: success_rate=1.000 mean_reward=54.58 mean_actor_loss=0.0124 mean_kl=0.0000 stage=warmup scheduler_success_rate=0.667
episodes 8920-8939: success_rate=0.950 mean_reward=165.40 mean_actor_loss=0.0125 mean_kl=0.0000 stage=warmup scheduler_success_rate=0.667
episodes 8940-8959: success_rate=1.000 mean_reward=136.55 mean_actor_loss=0.0124 mean_kl=0.0000 stage=intermediate scheduler_success_rate=0.000
episodes 8960-8979: success_rate=0.900 mean_reward=68.50 mean_actor_loss=0.0125 mean_kl=0.0000 stage=intermediate scheduler_success_rate=0.500
episodes 8980-8999: success_rate=0.850 mean_reward=-32.29 mean_actor_loss=0.0125 mean_kl=0.0000 stage=intermediate scheduler_success_rate=1.000
episodes 9000-9019: success_rate=0.950 mean_reward=80.06 mean_actor_loss=0.0125 mean_kl=0.0000 stage=full scheduler_success_rate=0.750
episodes 9020-9039: success_rate=0.950 mean_reward=71.16 mean_actor_loss=0.0124 mean_kl=0.0001 stage=full scheduler_success_rate=0.600
episodes 9040-9059: success_rate=0.950 mean_reward=-61.59 mean_actor_loss=0.0125 mean_kl=0.0000 stage=warmup scheduler_success_rate=0.500
episodes 9060-9079: success_rate=1.000 mean_reward=217.71 mean_actor_loss=0.0124 mean_kl=0.0000 stage=warmup scheduler_success_rate=0.000
episodes 9080-9099: success_rate=1.000 mean_reward=-30.04 mean_actor_loss=0.0124 mean_kl=0.0000 stage=intermediate scheduler_success_rate=0.000
episodes 9100-9119: success_rate=0.800 mean_reward=231.37 mean_actor_loss=0.0124 mean_kl=0.0000 stage=intermediate scheduler_success_rate=0.000
episodes 9120-9139: success_rate=0.900 mean_reward=187.56 mean_actor_loss=0.0125 mean_kl=0.0001 stage=intermediate scheduler_success_rate=0.000
episodes 9140-9159: success_rate=1.000 mean_reward=-186.75 mean_actor_loss=0.0124 mean_kl=0.0000 stage=warmup scheduler_success_rate=0.500
episodes 9160-9179: success_rate=0.900 mean_reward=19.24 mean_actor_loss=0.0125 mean_kl=0.0000 stage=intermediate scheduler_success_rate=0.333
episodes 9180-9199: success_rate=1.000 mean_reward=375.83 mean_actor_loss=0.0124 mean_kl=0.0000 stage=full scheduler_success_rate=0.000
episodes 9200-9219: success_rate=0.950 mean_reward=-15.89 mean_actor_loss=0.0124 mean_kl=0.0000 stage=intermediate scheduler_success_rate=1.000
episodes 9220-9239: success_rate=0.950 mean_reward=308.71 mean_actor_loss=0.0125 mean_kl=0.0000 stage=full scheduler_success_rate=0.000
episodes 9240-9259: success_rate=0.950 mean_reward=-392.88 mean_actor_loss=0.0124 mean_kl=0.0000 stage=warmup scheduler_success_rate=0.333
episodes 9260-9279: success_rate=1.000 mean_reward=144.48 mean_actor_loss=0.0124 mean_kl=0.0000 stage=intermediate scheduler_success_rate=0.333
episodes 9280-9299: success_rate=1.000 mean_reward=368.13 mean_actor_loss=0.0125 mean_kl=0.0000 stage=intermediate scheduler_success_rate=1.000
episodes 9300-9319: success_rate=0.900 mean_reward=-139.64 mean_actor_loss=0.0125 mean_kl=0.0000 stage=warmup scheduler_success_rate=0.500
episodes 9320-9339: success_rate=1.000 mean_reward=-76.70 mean_actor_loss=0.0124 mean_kl=0.0000 stage=warmup scheduler_success_rate=0.500
episodes 9340-9359: success_rate=0.950 mean_reward=195.48 mean_actor_loss=0.0124 mean_kl=0.0000 stage=full scheduler_success_rate=0.000
episodes 9360-9379: success_rate=0.950 mean_reward=82.38 mean_actor_loss=0.0124 mean_kl=0.0000 stage=warmup scheduler_success_rate=0.667
episodes 9380-9399: success_rate=1.000 mean_reward=-19.90 mean_actor_loss=0.0125 mean_kl=0.0000 stage=warmup scheduler_success_rate=0.667
episodes 9400-9419: success_rate=1.000 mean_reward=147.41 mean_actor_loss=0.0124 mean_kl=0.0000 stage=intermediate scheduler_success_rate=1.000
episodes 9420-9439: success_rate=0.950 mean_reward=57.75 mean_actor_loss=0.0124 mean_kl=0.0000 stage=intermediate scheduler_success_rate=0.750
episodes 9440-9459: success_rate=1.000 mean_reward=210.64 mean_actor_loss=0.0125 mean_kl=0.0000 stage=intermediate scheduler_success_rate=0.500
episodes 9460-9479: success_rate=0.900 mean_reward=115.99 mean_actor_loss=0.0125 mean_kl=0.0000 stage=intermediate scheduler_success_rate=0.667
episodes 9480-9499: success_rate=0.950 mean_reward=-97.16 mean_actor_loss=0.0125 mean_kl=0.0001 stage=warmup scheduler_success_rate=0.500
episodes 9500-9519: success_rate=1.000 mean_reward=-118.82 mean_actor_loss=0.0124 mean_kl=0.0000 stage=warmup scheduler_success_rate=0.333
episodes 9520-9539: success_rate=1.000 mean_reward=-268.02 mean_actor_loss=0.0125 mean_kl=0.0000 stage=warmup scheduler_success_rate=0.333
episodes 9540-9559: success_rate=1.000 mean_reward=290.38 mean_actor_loss=0.0125 mean_kl=0.0001 stage=warmup scheduler_success_rate=1.000
episodes 9560-9579: success_rate=1.000 mean_reward=54.58 mean_actor_loss=0.0125 mean_kl=0.0000 stage=warmup scheduler_success_rate=0.500
episodes 9580-9599: success_rate=1.000 mean_reward=210.07 mean_actor_loss=0.0124 mean_kl=0.0000 stage=intermediate scheduler_success_rate=0.667
episodes 9600-9619: success_rate=0.850 mean_reward=-13.42 mean_actor_loss=0.0125 mean_kl=0.0000 stage=warmup scheduler_success_rate=0.000
episodes 9620-9639: success_rate=0.950 mean_reward=-11.01 mean_actor_loss=0.0124 mean_kl=0.0000 stage=warmup scheduler_success_rate=0.250
episodes 9640-9659: success_rate=0.850 mean_reward=231.39 mean_actor_loss=0.0125 mean_kl=0.0000 stage=full scheduler_success_rate=0.333
episodes 9660-9679: success_rate=0.950 mean_reward=-152.13 mean_actor_loss=0.0125 mean_kl=0.0001 stage=warmup scheduler_success_rate=0.667
episodes 9680-9699: success_rate=1.000 mean_reward=-104.83 mean_actor_loss=0.0124 mean_kl=0.0001 stage=intermediate scheduler_success_rate=0.667
episodes 9700-9719: success_rate=1.000 mean_reward=-30.17 mean_actor_loss=0.0125 mean_kl=0.0000 stage=warmup scheduler_success_rate=0.750
episodes 9720-9739: success_rate=1.000 mean_reward=298.76 mean_actor_loss=0.0124 mean_kl=0.0000 stage=warmup scheduler_success_rate=0.667
episodes 9740-9759: success_rate=0.950 mean_reward=61.82 mean_actor_loss=0.0124 mean_kl=0.0000 stage=intermediate scheduler_success_rate=0.000
episodes 9760-9779: success_rate=1.000 mean_reward=-287.30 mean_actor_loss=0.0124 mean_kl=0.0000 stage=warmup scheduler_success_rate=0.333
episodes 9780-9799: success_rate=1.000 mean_reward=208.34 mean_actor_loss=0.0125 mean_kl=0.0001 stage=intermediate scheduler_success_rate=0.500
episodes 9800-9819: success_rate=1.000 mean_reward=-189.12 mean_actor_loss=0.0125 mean_kl=0.0000 stage=warmup scheduler_success_rate=0.500
episodes 9820-9839: success_rate=1.000 mean_reward=199.97 mean_actor_loss=0.0124 mean_kl=0.0000 stage=full scheduler_success_rate=1.000
episodes 9840-9859: success_rate=0.850 mean_reward=63.37 mean_actor_loss=0.0124 mean_kl=0.0000 stage=warmup scheduler_success_rate=0.667
episodes 9860-9879: success_rate=1.000 mean_reward=-38.60 mean_actor_loss=0.0124 mean_kl=0.0000 stage=warmup scheduler_success_rate=0.500
episodes 9880-9899: success_rate=1.000 mean_reward=63.44 mean_actor_loss=0.0124 mean_kl=0.0000 stage=intermediate scheduler_success_rate=0.500
episodes 9900-9919: success_rate=1.000 mean_reward=142.88 mean_actor_loss=0.0124 mean_kl=0.0000 stage=intermediate scheduler_success_rate=1.000
episodes 9920-9939: success_rate=0.850 mean_reward=61.56 mean_actor_loss=0.0125 mean_kl=0.0000 stage=intermediate scheduler_success_rate=0.000
episodes 9940-9959: success_rate=1.000 mean_reward=-21.89 mean_actor_loss=0.0125 mean_kl=0.0000 stage=warmup scheduler_success_rate=0.500
episodes 9960-9979: success_rate=1.000 mean_reward=-195.93 mean_actor_loss=0.0125 mean_kl=0.0000 stage=warmup scheduler_success_rate=0.667
episodes 9980-9999: success_rate=1.000 mean_reward=-32.05 mean_actor_loss=0.0124 mean_kl=0.0000 stage=warmup scheduler_success_rate=0.500
episodes 10000-10019: success_rate=1.000 mean_reward=-266.01 mean_actor_loss=0.0125 mean_kl=0.0000 stage=warmup scheduler_success_rate=0.333
episodes 10020-10039: success_rate=1.000 mean_reward=-115.60 mean_actor_loss=0.0125 mean_kl=0.0000 stage=warmup scheduler_success_rate=0.500
episodes 10040-10059: success_rate=0.950 mean_reward=247.97 mean_actor_loss=0.0124 mean_kl=0.0000 stage=warmup scheduler_success_rate=0.600
episodes 10060-10079: success_rate=0.950 mean_reward=230.75 mean_actor_loss=0.0124 mean_kl=0.0000 stage=intermediate scheduler_success_rate=0.000
episodes 10080-10099: success_rate=0.850 mean_reward=292.62 mean_actor_loss=0.0125 mean_kl=0.0000 stage=full scheduler_success_rate=0.667
episodes 10100-10119: success_rate=0.950 mean_reward=145.25 mean_actor_loss=0.0124 mean_kl=0.0001 stage=warmup scheduler_success_rate=0.750
episodes 10120-10139: success_rate=1.000 mean_reward=132.98 mean_actor_loss=0.0124 mean_kl=0.0000 stage=intermediate scheduler_success_rate=1.000
episodes 10140-10159: success_rate=0.900 mean_reward=-96.47 mean_actor_loss=0.0124 mean_kl=0.0001 stage=warmup scheduler_success_rate=0.500
episodes 10160-10179: success_rate=1.000 mean_reward=315.33 mean_actor_loss=0.0124 mean_kl=0.0000 stage=intermediate scheduler_success_rate=1.000
episodes 10180-10199: success_rate=1.000 mean_reward=119.83 mean_actor_loss=0.0124 mean_kl=0.0000 stage=full scheduler_success_rate=0.000
episodes 10200-10219: success_rate=1.000 mean_reward=-222.19 mean_actor_loss=0.0124 mean_kl=0.0001 stage=warmup scheduler_success_rate=0.000
episodes 10220-10239: success_rate=0.900 mean_reward=104.93 mean_actor_loss=0.0124 mean_kl=0.0001 stage=intermediate scheduler_success_rate=0.667
episodes 10240-10259: success_rate=0.800 mean_reward=-139.80 mean_actor_loss=0.0125 mean_kl=0.0001 stage=intermediate scheduler_success_rate=1.000
episodes 10260-10279: success_rate=0.900 mean_reward=-38.67 mean_actor_loss=0.0125 mean_kl=0.0000 stage=warmup scheduler_success_rate=0.000
episodes 10280-10299: success_rate=1.000 mean_reward=406.00 mean_actor_loss=0.0124 mean_kl=0.0000 stage=full scheduler_success_rate=1.000
episodes 10300-10319: success_rate=0.950 mean_reward=317.83 mean_actor_loss=0.0125 mean_kl=0.0000 stage=full scheduler_success_rate=1.000
episodes 10320-10339: success_rate=0.850 mean_reward=4.06 mean_actor_loss=0.0124 mean_kl=0.0001 stage=warmup scheduler_success_rate=1.000
episodes 10340-10359: success_rate=1.000 mean_reward=-183.72 mean_actor_loss=0.0124 mean_kl=0.0000 stage=warmup scheduler_success_rate=0.000
episodes 10360-10379: success_rate=0.950 mean_reward=239.46 mean_actor_loss=0.0124 mean_kl=0.0000 stage=intermediate scheduler_success_rate=1.000
