episodes 0-19: success_rate=0.900 mean_reward=108.62 mean_actor_loss=0.0125 mean_kl=0.0000 stage=warmup scheduler_success_rate=0.000
episodes 20-39: success_rate=1.000 mean_reward=42.82 mean_actor_loss=0.0125 mean_kl=0.0000 stage=intermediate scheduler_success_rate=0.500
episodes 40-59: success_rate=0.900 mean_reward=33.88 mean_actor_loss=0.0125 mean_kl=0.0000 stage=intermediate scheduler_success_rate=0.000
episodes 60-79: success_rate=1.000 mean_reward=136.03 mean_actor_loss=0.0125 mean_kl=0.0000 stage=warmup scheduler_success_rate=0.500
episodes 80-99: success_rate=1.000 mean_reward=226.09 mean_actor_loss=0.0125 mean_kl=0.0000 stage=intermediate scheduler_success_rate=1.000
episodes 100-119: success_rate=1.000 mean_reward=-172.17 mean_actor_loss=0.0125 mean_kl=0.0000 stage=warmup scheduler_success_rate=0.333
episodes 120-139: success_rate=1.000 mean_reward=59.83 mean_actor_loss=0.0125 mean_kl=0.0000 stage=warmup scheduler_success_rate=0.667
episodes 140-159: success_rate=1.000 mean_reward=-81.84 mean_actor_loss=0.0125 mean_kl=0.0000 stage=warmup scheduler_success_rate=0.167
episodes 160-179: success_rate=1.000 mean_reward=-191.59 mean_actor_loss=0.0125 mean_kl=0.0000 stage=warmup scheduler_success_rate=0.500
episodes 180-199: success_rate=1.000 mean_reward=-239.23 mean_actor_loss=0.0125 mean_kl=0.0000 stage=warmup scheduler_success_rate=0.667
episodes 200-219: success_rate=1.000 mean_reward=-18.83 mean_actor_loss=0.0125 mean_kl=0.0000 stage=intermediate scheduler_success_rate=0.000
episodes 220-239: success_rate=1.000 mean_reward=114.57 mean_actor_loss=0.0125 mean_kl=0.0000 stage=intermediate scheduler_success_rate=0.500
episodes 240-259: success_rate=0.950 mean_reward=-119.56 mean_actor_loss=0.0125 mean_kl=0.0000 stage=warmup scheduler_success_rate=0.333
episodes 260-279: success_rate=1.000 mean_reward=130.69 mean_actor_loss=0.0125 mean_kl=0.0000 stage=warmup scheduler_success_rate=0.000
episodes 280-299: success_rate=1.000 mean_reward=-153.97 mean_actor_loss=0.0125 mean_kl=0.0000 stage=warmup scheduler_success_rate=0.500
episodes 300-319: success_rate=1.000 mean_reward=285.11 mean_actor_loss=0.0125 mean_kl=0.0000 stage=warmup scheduler_success_rate=1.000
episodes 320-339: success_rate=1.000 mean_reward=77.70 mean_actor_loss=0.0125 mean_kl=0.0000 stage=warmup scheduler_success_rate=0.500
episodes 340-359: success_rate=0.900 mean_reward=23.59 mean_actor_loss=0.0125 mean_kl=0.0000 stage=full scheduler_success_rate=0.333
episodes 360-379: success_rate=1.000 mean_reward=51.14 mean_actor_loss=0.0125 mean_kl=0.0000 stage=warmup scheduler_success_rate=0.667
episodes 380-399: success_rate=1.000 mean_reward=-253.42 mean_actor_loss=0.0125 mean_kl=0.0000 stage=warmup scheduler_success_rate=0.333
episodes 400-419: success_rate=0.950 mean_reward=157.89 mean_actor_loss=0.0125 mean_kl=0.0000 stage=full scheduler_success_rate=0.750
episodes 420-439: success_rate=0.850 mean_reward=-323.88 mean_actor_loss=0.0125 mean_kl=0.0000 stage=warmup scheduler_success_rate=0.667
episodes 440-459: success_rate=1.000 mean_reward=456.06 mean_actor_loss=0.0125 mean_kl=0.0000 stage=full scheduler_success_rate=1.000
episodes 460-479: success_rate=1.000 mean_reward=-12.72 mean_actor_loss=0.0125 mean_kl=0.0000 stage=warmup scheduler_success_rate=0.667
episodes 480-499: success_rate=0.850 mean_reward=174.93 mean_actor_loss=0.0125 mean_kl=0.0000 stage=intermediate scheduler_success_rate=1.000
episodes 500-519: success_rate=1.000 mean_reward=37.11 mean_actor_loss=0.0125 mean_kl=0.0000 stage=intermediate scheduler_success_rate=1.000
episodes 520-539: success_rate=1.000 mean_reward=-485.78 mean_actor_loss=0.0125 mean_kl=0.0000 stage=warmup scheduler_success_rate=0.000
episodes 540-559: success_rate=1.000 mean_reward=-174.42 mean_actor_loss=0.0125 mean_kl=0.0000 stage=intermediate scheduler_success_rate=0.333
episodes 560-579: success_rate=1.000 mean_reward=-171.26 mean_actor_loss=0.0125 mean_kl=0.0000 stage=warmup scheduler_success_rate=0.500
episodes 580-599: success_rate=1.000 mean_reward=148.14 mean_actor_loss=0.0125 mean_kl=0.0000 stage=intermediate scheduler_success_rate=1.000
episodes 600-619: success_rate=1.000 mean_reward=-27.52 mean_actor_loss=0.0125 mean_kl=0.0000 stage=warmup scheduler_success_rate=0.667
episodes 620-639: success_rate=1.000 mean_reward=63.90 mean_actor_loss=0.0125 mean_kl=0.0000 stage=intermediate scheduler_success_rate=0.750
episodes 640-659: success_rate=1.000 mean_reward=-315.81 mean_actor_loss=0.0125 mean_kl=0.0000 stage=warmup scheduler_success_rate=0.333
episodes 660-679: success_rate=1.000 mean_reward=59.81 mean_actor_loss=0.0125 mean_kl=0.0001 stage=intermediate scheduler_success_rate=0.750
episodes 680-699: success_rate=1.000 mean_reward=-30.99 mean_actor_loss=0.0125 mean_kl=0.0000 stage=warmup scheduler_success_rate=0.000
episodes 700-719: success_rate=1.000 mean_reward=-257.57 mean_actor_loss=0.0125 mean_kl=0.0000 stage=warmup scheduler_success_rate=0.500
episodes 720-739: success_rate=0.950 mean_reward=181.27 mean_actor_loss=0.0125 mean_kl=0.0000 stage=warmup scheduler_success_rate=0.500
episodes 740-759: success_rate=1.000 mean_reward=-250.14 mean_actor_loss=0.0125 mean_kl=0.0000 stage=warmup scheduler_success_rate=0.500
episodes 760-779: success_rate=1.000 mean_reward=-90.44 mean_actor_loss=0.0125 mean_kl=0.0000 stage=warmup scheduler_success_rate=0.500
episodes 780-799: success_rate=0.950 mean_reward=322.74 mean_actor_loss=0.0125 mean_kl=0.0000 stage=intermediate scheduler_success_rate=1.000
episodes 800-819: success_rate=1.000 mean_reward=-99.88 mean_actor_loss=0.0125 mean_kl=0.0000 stage=warmup scheduler_success_rate=0.500
episodes 820-839: success_rate=1.000 mean_reward=-185.54 mean_actor_loss=0.0125 mean_kl=0.0000 stage=warmup scheduler_success_rate=0.667
episodes 840-859: success_rate=1.000 mean_reward=-171.02 mean_actor_loss=0.0125 mean_kl=0.0000 stage=warmup scheduler_success_rate=0.000
episodes 860-879: success_rate=1.000 mean_reward=46.18 mean_actor_loss=0.0125 mean_kl=0.0000 stage=warmup scheduler_success_rate=0.000
episodes 880-899: success_rate=1.000 mean_reward=-80.93 mean_actor_loss=0.0125 mean_kl=0.0000 stage=warmup scheduler_success_rate=1.000
episodes 900-919: success_rate=1.000 mean_reward=65.34 mean_actor_loss=0.0125 mean_kl=0.0000 stage=warmup scheduler_success_rate=1.000
episodes 920-939: success_rate=1.000 mean_reward=-28.75 mean_actor_loss=0.0125 mean_kl=0.0000 stage=warmup scheduler_success_rate=0.400
episodes 940-959: success_rate=1.000 mean_reward=301.10 mean_actor_loss=0.0125 mean_kl=0.0000 stage=full scheduler_success_rate=0.500
episodes 960-979: success_rate=1.000 mean_reward=-175.03 mean_actor_loss=0.0125 mean_kl=0.0000 stage=warmup scheduler_success_rate=0.167
episodes 980-999: success_rate=1.000 mean_reward=55.56 mean_actor_loss=0.0125 mean_kl=0.0000 stage=warmup scheduler_success_rate=0.500
episodes 1000-1019: success_rate=1.000 mean_reward=56.98 mean_actor_loss=0.0125 mean_kl=0.0000 stage=warmup scheduler_success_rate=0.667
episodes 1020-1039: success_rate=1.000 mean_reward=211.33 mean_actor_loss=0.0125 mean_kl=0.0000 stage=intermediate scheduler_success_rate=0.667
episodes 1040-1059: success_rate=0.950 mean_reward=481.56 mean_actor_loss=0.0125 mean_kl=0.0001 stage=full scheduler_success_rate=0.000
episodes 1060-1079: success_rate=1.000 mean_reward=129.71 mean_actor_loss=0.0125 mean_kl=0.0001 stage=intermediate scheduler_success_rate=0.000
episodes 1080-1099: success_rate=1.000 mean_reward=59.77 mean_actor_loss=0.0125 mean_kl=0.0001 stage=intermediate scheduler_success_rate=0.000
episodes 1100-1119: success_rate=0.900 mean_reward=40.86 mean_actor_loss=0.0125 mean_kl=0.0001 stage=warmup scheduler_success_rate=0.333
episodes 1120-1139: success_rate=1.000 mean_reward=-20.68 mean_actor_loss=0.0125 mean_kl=0.0000 stage=intermediate scheduler_success_rate=0.750
episodes 1140-1159: success_rate=1.000 mean_reward=-23.29 mean_actor_loss=0.0125 mean_kl=0.0000 stage=intermediate scheduler_success_rate=0.667
episodes 1160-1179: success_rate=1.000 mean_reward=139.39 mean_actor_loss=0.0124 mean_kl=0.0000 stage=intermediate scheduler_success_rate=0.000
episodes 1180-1199: success_rate=1.000 mean_reward=-17.84 mean_actor_loss=0.0125 mean_kl=0.0000 stage=warmup scheduler_success_rate=0.333
episodes 1200-1219: success_rate=1.000 mean_reward=295.00 mean_actor_loss=0.0125 mean_kl=0.0001 stage=full scheduler_success_rate=1.000
episodes 1220-1239: success_rate=0.950 mean_reward=5.86 mean_actor_loss=0.0125 mean_kl=0.0000 stage=warmup scheduler_success_rate=0.500
episodes 1240-1259: success_rate=1.000 mean_reward=-239.72 mean_actor_loss=0.0125 mean_kl=0.0000 stage=warmup scheduler_success_rate=0.500
episodes 1260-1279: success_rate=0.950 mean_reward=-11.52 mean_actor_loss=0.0125 mean_kl=0.0000 stage=full scheduler_success_rate=0.333
episodes 1280-1299: success_rate=1.000 mean_reward=-20.82 mean_actor_loss=0.0125 mean_kl=0.0000 stage=warmup scheduler_success_rate=0.000
episodes 1300-1319: success_rate=1.000 mean_reward=214.30 mean_actor_loss=0.0125 mean_kl=0.0000 stage=intermediate scheduler_success_rate=1.000
episodes 1320-1339: success_rate=1.000 mean_reward=288.82 mean_actor_loss=0.0125 mean_kl=0.0001 stage=intermediate scheduler_success_rate=1.000
episodes 1340-1359: success_rate=1.000 mean_reward=206.76 mean_actor_loss=0.0125 mean_kl=0.0000 stage=full scheduler_success_rate=0.500
episodes 1360-1379: success_rate=1.000 mean_reward=295.87 mean_actor_loss=0.0125 mean_kl=0.0000 stage=full scheduler_success_rate=1.000
episodes 1380-1399: success_rate=0.900 mean_reward=18.80 mean_actor_loss=0.0125 mean_kl=0.0000 stage=intermediate scheduler_success_rate=1.000
episodes 1400-1419: success_rate=1.000 mean_reward=61.02 mean_actor_loss=0.0125 mean_kl=0.0001 stage=intermediate scheduler_success_rate=0.000
episodes 1420-1439: success_rate=1.000 mean_reward=-85.81 mean_actor_loss=0.0125 mean_kl=0.0000 stage=warmup scheduler_success_rate=0.333
episodes 1440-1459: success_rate=1.000 mean_reward=287.07 mean_actor_loss=0.0125 mean_kl=0.0000 stage=intermediate scheduler_success_rate=0.667
episodes 1460-1479: success_rate=1.000 mean_reward=139.89 mean_actor_loss=0.0125 mean_kl=0.0000 stage=warmup scheduler_success_rate=1.000
episodes 1480-1499: success_rate=0.950 mean_reward=-0.75 mean_actor_loss=0.0125 mean_kl=0.0000 stage=intermediate scheduler_success_rate=0.000
episodes 1500-1519: success_rate=1.000 mean_reward=-254.45 mean_actor_loss=0.0125 mean_kl=0.0000 stage=warmup scheduler_success_rate=0.500
episodes 1520-1539: success_rate=1.000 mean_reward=-77.36 mean_actor_loss=0.0125 mean_kl=0.0000 stage=warmup scheduler_success_rate=0.500
episodes 1540-1559: success_rate=0.950 mean_reward=148.90 mean_actor_loss=0.0125 mean_kl=0.0000 stage=intermediate scheduler_success_rate=1.000
episodes 1560-1579: success_rate=0.900 mean_reward=98.87 mean_actor_loss=0.0125 mean_kl=0.0000 stage=full scheduler_success_rate=0.000
episodes 1580-1599: success_rate=0.950 mean_reward=-127.84 mean_actor_loss=0.0125 mean_kl=0.0000 stage=intermediate scheduler_success_rate=0.000
episodes 1600-1619: success_rate=1.000 mean_reward=-82.86 mean_actor_loss=0.0125 mean_kl=0.0000 stage=warmup scheduler_success_rate=0.667
episodes 1620-1639: success_rate=1.000 mean_reward=-245.62 mean_actor_loss=0.0125 mean_kl=0.0000 stage=warmup scheduler_success_rate=0.333
episodes 1640-1659: success_rate=1.000 mean_reward=-162.08 mean_actor_loss=0.0125 mean_kl=0.0000 stage=warmup scheduler_success_rate=0.667
episodes 1660-1679: success_rate=1.000 mean_reward=-96.90 mean_actor_loss=0.0125 mean_kl=0.0000 stage=warmup scheduler_success_rate=0.167
episodes 1680-1699: success_rate=1.000 mean_reward=293.13 mean_actor_loss=0.0125 mean_kl=0.0001 stage=intermediate scheduler_success_rate=0.750
episodes 1700-1719: success_rate=0.950 mean_reward=3.88 mean_actor_loss=0.0125 mean_kl=0.0000 stage=intermediate scheduler_success_rate=0.667
episodes 1720-1739: success_rate=1.000 mean_reward=-252.10 mean_actor_loss=0.0125 mean_kl=0.0000 stage=warmup scheduler_success_rate=0.000
episodes 1740-1759: success_rate=1.000 mean_reward=132.29 mean_actor_loss=0.0125 mean_kl=0.0000 stage=intermediate scheduler_success_rate=0.000
episodes 1760-1779: success_rate=1.000 mean_reward=56.86 mean_actor_loss=0.0125 mean_kl=0.0000 stage=intermediate scheduler_success_rate=0.667
episodes 1780-1799: success_rate=0.900 mean_reward=14.52 mean_actor_loss=0.0125 mean_kl=0.0001 stage=intermediate scheduler_success_rate=0.667
episodes 1800-1819: success_rate=1.000 mean_reward=58.43 mean_actor_loss=0.0125 mean_kl=0.0001 stage=warmup scheduler_success_rate=0.500
episodes 1820-1839: success_rate=1.000 mean_reward=208.02 mean_actor_loss=0.0125 mean_kl=0.0000 stage=intermediate scheduler_success_rate=0.600
episodes 1840-1859: success_rate=1.000 mean_reward=74.23 mean_actor_loss=0.0125 mean_kl=0.0001 stage=intermediate scheduler_success_rate=1.000
episodes 1860-1879: success_rate=0.900 mean_reward=256.92 mean_actor_loss=0.0125 mean_kl=0.0001 stage=full scheduler_success_rate=0.833
episodes 1880-1899: success_rate=0.950 mean_reward=-8.26 mean_actor_loss=0.0125 mean_kl=0.0001 stage=intermediate scheduler_success_rate=0.000
episodes 1900-1919: success_rate=1.000 mean_reward=124.02 mean_actor_loss=0.0125 mean_kl=0.0001 stage=intermediate scheduler_success_rate=0.000
episodes 1920-1939: success_rate=0.900 mean_reward=189.04 mean_actor_loss=0.0125 mean_kl=0.0000 stage=full scheduler_success_rate=0.400
episodes 1940-1959: success_rate=0.950 mean_reward=-91.39 mean_actor_loss=0.0125 mean_kl=0.0000 stage=intermediate scheduler_success_rate=0.000
episodes 1960-1979: success_rate=1.000 mean_reward=50.11 mean_actor_loss=0.0125 mean_kl=0.0000 stage=intermediate scheduler_success_rate=1.000
episodes 1980-1999: success_rate=1.000 mean_reward=127.53 mean_actor_loss=0.0124 mean_kl=0.0000 stage=warmup scheduler_success_rate=0.500
episodes 2000-2019: success_rate=1.000 mean_reward=219.44 mean_actor_loss=0.0125 mean_kl=0.0000 stage=warmup scheduler_success_rate=0.000
episodes 2020-2039: success_rate=0.950 mean_reward=88.92 mean_actor_loss=0.0125 mean_kl=0.0000 stage=warmup scheduler_success_rate=0.000
episodes 2040-2059: success_rate=1.000 mean_reward=140.93 mean_actor_loss=0.0125 mean_kl=0.0000 stage=warmup scheduler_success_rate=0.667
episodes 2060-2079: success_rate=0.950 mean_reward=403.01 mean_actor_loss=0.0124 mean_kl=0.0000 stage=full scheduler_success_rate=0.000
episodes 2080-2099: success_rate=0.950 mean_reward=-52.21 mean_actor_loss=0.0125 mean_kl=0.0001 stage=warmup scheduler_success_rate=0.667
episodes 2100-2119: success_rate=1.000 mean_reward=-85.31 mean_actor_loss=0.0125 mean_kl=0.0000 stage=intermediate scheduler_success_rate=0.000
episodes 2120-2139: success_rate=1.000 mean_reward=-237.11 mean_actor_loss=0.0125 mean_kl=0.0000 stage=warmup scheduler_success_rate=0.500
episodes 2140-2159: success_rate=1.000 mean_reward=-90.13 mean_actor_loss=0.0125 mean_kl=0.0000 stage=warmup scheduler_success_rate=0.000
episodes 2160-2179: success_rate=1.000 mean_reward=-12.34 mean_actor_loss=0.0125 mean_kl=0.0000 stage=intermediate scheduler_success_rate=1.000
episodes 2180-2199: success_rate=1.000 mean_reward=523.82 mean_actor_loss=0.0125 mean_kl=0.0000 stage=full scheduler_success_rate=1.000
episodes 2200-2219: success_rate=1.000 mean_reward=-22.62 mean_actor_loss=0.0125 mean_kl=0.0000 stage=warmup scheduler_success_rate=0.667
episodes 2220-2239: success_rate=1.000 mean_reward=285.93 mean_actor_loss=0.0125 mean_kl=0.0000 stage=intermediate scheduler_success_rate=1.000
episodes 2240-2259: success_rate=1.000 mean_reward=-86.78 mean_actor_loss=0.0125 mean_kl=0.0000 stage=warmup scheduler_success_rate=0.333
episodes 2260-2279: success_rate=1.000 mean_reward=127.49 mean_actor_loss=0.0125 mean_kl=0.0000 stage=warmup scheduler_success_rate=0.667
episodes 2280-2299: success_rate=1.000 mean_reward=61.69 mean_actor_loss=0.0125 mean_kl=0.0000 stage=warmup scheduler_success_rate=0.667
episodes 2300-2319: success_rate=1.000 mean_reward=141.08 mean_actor_loss=0.0125 mean_kl=0.0001 stage=intermediate scheduler_success_rate=0.667
episodes 2320-2339: success_rate=0.950 mean_reward=315.69 mean_actor_loss=0.0125 mean_kl=0.0000 stage=full scheduler_success_rate=1.000
episodes 2340-2359: success_rate=0.900 mean_reward=126.80 mean_actor_loss=0.0125 mean_kl=0.0000 stage=full scheduler_success_rate=0.000
episodes 2360-2379: success_rate=1.000 mean_reward=-473.48 mean_actor_loss=0.0125 mean_kl=0.0000 stage=warmup scheduler_success_rate=0.000
episodes 2380-2399: success_rate=1.000 mean_reward=216.92 mean_actor_loss=0.0125 mean_kl=0.0000 stage=intermediate scheduler_success_rate=1.000
episodes 2400-2419: success_rate=0.950 mean_reward=143.37 mean_actor_loss=0.0125 mean_kl=0.0000 stage=intermediate scheduler_success_rate=0.750
episodes 2420-2439: success_rate=1.000 mean_reward=146.07 mean_actor_loss=0.0125 mean_kl=0.0000 stage=intermediate scheduler_success_rate=0.000
episodes 2440-2459: success_rate=0.900 mean_reward=169.22 mean_actor_loss=0.0125 mean_kl=0.0000 stage=intermediate scheduler_success_rate=1.000
episodes 2460-2479: success_rate=1.000 mean_reward=-93.50 mean_actor_loss=0.0125 mean_kl=0.0000 stage=warmup scheduler_success_rate=0.333
episodes 2480-2499: success_rate=1.000 mean_reward=-237.47 mean_actor_loss=0.0125 mean_kl=0.0000 stage=warmup scheduler_success_rate=0.167
episodes 2500-2519: success_rate=1.000 mean_reward=146.29 mean_actor_loss=0.0125 mean_kl=0.0000 stage=warmup scheduler_success_rate=0.750
episodes 2520-2539: success_rate=1.000 mean_reward=-6.38 mean_actor_loss=0.0125 mean_kl=0.0000 stage=warmup scheduler_success_rate=0.667
episodes 2540-2559: success_rate=1.000 mean_reward=-93.62 mean_actor_loss=0.0125 mean_kl=0.0000 stage=warmup scheduler_success_rate=0.000
episodes 2560-2579: success_rate=1.000 mean_reward=70.13 mean_actor_loss=0.0125 mean_kl=0.0000 stage=warmup scheduler_success_rate=0.667
episodes 2580-2599: success_rate=1.000 mean_reward=-174.85 mean_actor_loss=0.0125 mean_kl=0.0001 stage=intermediate scheduler_success_rate=0.500
episodes 2600-2619: success_rate=1.000 mean_reward=136.33 mean_actor_loss=0.0125 mean_kl=0.0000 stage=warmup scheduler_success_rate=1.000
episodes 2620-2639: success_rate=1.000 mean_reward=-108.10 mean_actor_loss=0.0125 mean_kl=0.0001 stage=warmup scheduler_success_rate=0.500
episodes 2640-2659: success_rate=1.000 mean_reward=-12.93 mean_actor_loss=0.0125 mean_kl=0.0001 stage=warmup scheduler_success_rate=0.667
episodes 2660-2679: success_rate=0.950 mean_reward=252.69 mean_actor_loss=0.0125 mean_kl=0.0000 stage=full scheduler_success_rate=0.667
episodes 2680-2699: success_rate=0.800 mean_reward=299.02 mean_actor_loss=0.0125 mean_kl=0.0000 stage=intermediate scheduler_success_rate=1.000
episodes 2700-2719: success_rate=0.950 mean_reward=88.07 mean_actor_loss=0.0125 mean_kl=0.0001 stage=warmup scheduler_success_rate=0.667
episodes 2720-2739: success_rate=0.950 mean_reward=223.70 mean_actor_loss=0.0125 mean_kl=0.0000 stage=full scheduler_success_rate=0.750
episodes 2740-2759: success_rate=1.000 mean_reward=222.39 mean_actor_loss=0.0125 mean_kl=0.0001 stage=warmup scheduler_success_rate=0.667
episodes 2760-2779: success_rate=0.950 mean_reward=166.39 mean_actor_loss=0.0125 mean_kl=0.0000 stage=warmup scheduler_success_rate=0.500
episodes 2780-2799: success_rate=0.900 mean_reward=274.50 mean_actor_loss=0.0125 mean_kl=0.0000 stage=intermediate scheduler_success_rate=1.000
episodes 2800-2819: success_rate=0.950 mean_reward=-75.59 mean_actor_loss=0.0125 mean_kl=0.0001 stage=intermediate scheduler_success_rate=0.600
episodes 2820-2839: success_rate=1.000 mean_reward=152.45 mean_actor_loss=0.0125 mean_kl=0.0000 stage=intermediate scheduler_success_rate=0.667
episodes 2840-2859: success_rate=1.000 mean_reward=-32.19 mean_actor_loss=0.0125 mean_kl=0.0001 stage=intermediate scheduler_success_rate=1.000
episodes 2860-2879: success_rate=1.000 mean_reward=-28.43 mean_actor_loss=0.0125 mean_kl=0.0000 stage=intermediate scheduler_success_rate=0.000
episodes 2880-2899: success_rate=1.000 mean_reward=-80.28 mean_actor_loss=0.0125 mean_kl=0.0000 stage=warmup scheduler_success_rate=0.500
episodes 2900-2919: success_rate=1.000 mean_reward=218.62 mean_actor_loss=0.0125 mean_kl=0.0000 stage=full scheduler_success_rate=0.667
episodes 2920-2939: success_rate=1.000 mean_reward=-180.53 mean_actor_loss=0.0125 mean_kl=0.0000 stage=warmup scheduler_success_rate=0.167
episodes 2940-2959: success_rate=1.000 mean_reward=146.39 mean_actor_loss=0.0125 mean_kl=0.0000 stage=intermediate scheduler_success_rate=0.667
episodes 2960-2979: success_rate=1.000 mean_reward=-86.18 mean_actor_loss=0.0125 mean_kl=0.0000 stage=warmup scheduler_success_rate=0.333
episodes 2980-2999: success_rate=1.000 mean_reward=219.63 mean_actor_loss=0.0125 mean_kl=0.0000 stage=warmup scheduler_success_rate=1.000
episodes 3000-3019: success_rate=1.000 mean_reward=345.79 mean_actor_loss=0.0125 mean_kl=0.0000 stage=intermediate scheduler_success_rate=0.750
episodes 3020-3039: success_rate=1.000 mean_reward=125.50 mean_actor_loss=0.0125 mean_kl=0.0001 stage=full scheduler_success_rate=0.000
episodes 3040-3059: success_rate=1.000 mean_reward=466.40 mean_actor_loss=0.0125 mean_kl=0.0000 stage=intermediate scheduler_success_rate=1.000
episodes 3060-3079: success_rate=0.950 mean_reward=74.36 mean_actor_loss=0.0125 mean_kl=0.0000 stage=warmup scheduler_success_rate=0.000
episodes 3080-3099: success_rate=0.950 mean_reward=200.19 mean_actor_loss=0.0125 mean_kl=0.0001 stage=intermediate scheduler_success_rate=0.500
episodes 3100-3119: success_rate=1.000 mean_reward=-256.86 mean_actor_loss=0.0125 mean_kl=0.0000 stage=warmup scheduler_success_rate=0.000
episodes 3120-3139: success_rate=0.950 mean_reward=-12.86 mean_actor_loss=0.0125 mean_kl=0.0000 stage=warmup scheduler_success_rate=0.000
episodes 3140-3159: success_rate=1.000 mean_reward=-1.05 mean_actor_loss=0.0125 mean_kl=0.0000 stage=warmup scheduler_success_rate=0.250
episodes 3160-3179: success_rate=1.000 mean_reward=303.07 mean_actor_loss=0.0125 mean_kl=0.0000 stage=intermediate scheduler_success_rate=0.600
episodes 3180-3199: success_rate=1.000 mean_reward=443.86 mean_actor_loss=0.0125 mean_kl=0.0000 stage=full scheduler_success_rate=1.000
episodes 3200-3219: success_rate=0.950 mean_reward=-3.28 mean_actor_loss=0.0125 mean_kl=0.0001 stage=warmup scheduler_success_rate=0.600
episodes 3220-3239: success_rate=1.000 mean_reward=67.21 mean_actor_loss=0.0125 mean_kl=0.0000 stage=warmup scheduler_success_rate=0.667
episodes 3240-3259: success_rate=1.000 mean_reward=147.52 mean_actor_loss=0.0125 mean_kl=0.0000 stage=warmup scheduler_success_rate=0.333
episodes 3260-3279: success_rate=1.000 mean_reward=-8.56 mean_actor_loss=0.0125 mean_kl=0.0000 stage=warmup scheduler_success_rate=0.333
episodes 3280-3299: success_rate=1.000 mean_reward=142.63 mean_actor_loss=0.0125 mean_kl=0.0000 stage=intermediate scheduler_success_rate=0.000
episodes 3300-3319: success_rate=1.000 mean_reward=-95.48 mean_actor_loss=0.0125 mean_kl=0.0000 stage=warmup scheduler_success_rate=0.333
episodes 3320-3339: success_rate=1.000 mean_reward=288.06 mean_actor_loss=0.0125 mean_kl=0.0001 stage=warmup scheduler_success_rate=1.000
episodes 3340-3359: success_rate=1.000 mean_reward=-10.52 mean_actor_loss=0.0125 mean_kl=0.0000 stage=warmup scheduler_success_rate=0.500
episodes 3360-3379: success_rate=1.000 mean_reward=74.70 mean_actor_loss=0.0125 mean_kl=0.0000 stage=warmup scheduler_success_rate=0.500
episodes 3380-3399: success_rate=1.000 mean_reward=522.40 mean_actor_loss=0.0125 mean_kl=0.0001 stage=intermediate scheduler_success_rate=0.000
episodes 3400-3419: success_rate=0.950 mean_reward=312.68 mean_actor_loss=0.0125 mean_kl=0.0001 stage=full scheduler_success_rate=0.000
episodes 3420-3439: success_rate=0.900 mean_reward=100.15 mean_actor_loss=0.0125 mean_kl=0.0001 stage=full scheduler_success_rate=0.667
episodes 3440-3459: success_rate=1.000 mean_reward=291.52 mean_actor_loss=0.0125 mean_kl=0.0000 stage=warmup scheduler_success_rate=1.000
episodes 3460-3479: success_rate=0.900 mean_reward=237.19 mean_actor_loss=0.0125 mean_kl=0.0000 stage=full scheduler_success_rate=0.500
episodes 3480-3499: success_rate=0.950 mean_reward=-309.25 mean_actor_loss=0.0125 mean_kl=0.0000 stage=warmup scheduler_success_rate=0.167
episodes 3500-3519: success_rate=1.000 mean_reward=208.27 mean_actor_loss=0.0125 mean_kl=0.0000 stage=full scheduler_success_rate=0.667
episodes 3520-3539: success_rate=0.950 mean_reward=227.59 mean_actor_loss=0.0125 mean_kl=0.0001 stage=intermediate scheduler_success_rate=1.000
episodes 3540-3559: success_rate=1.000 mean_reward=58.50 mean_actor_loss=0.0125 mean_kl=0.0001 stage=intermediate scheduler_success_rate=0.500
episodes 3560-3579: success_rate=1.000 mean_reward=509.47 mean_actor_loss=0.0125 mean_kl=0.0000 stage=warmup scheduler_success_rate=0.000
episodes 3580-3599: success_rate=0.950 mean_reward=-137.30 mean_actor_loss=0.0125 mean_kl=0.0000 stage=warmup scheduler_success_rate=0.000
episodes 3600-3619: success_rate=1.000 mean_reward=-92.81 mean_actor_loss=0.0125 mean_kl=0.0000 stage=warmup scheduler_success_rate=0.500
episodes 3620-3639: success_rate=0.900 mean_reward=94.60 mean_actor_loss=0.0125 mean_kl=0.0000 stage=warmup scheduler_success_rate=0.667
episodes 3640-3659: success_rate=1.000 mean_reward=153.56 mean_actor_loss=0.0125 mean_kl=0.0000 stage=intermediate scheduler_success_rate=1.000
episodes 3660-3679: success_rate=1.000 mean_reward=278.65 mean_actor_loss=0.0125 mean_kl=0.0000 stage=intermediate scheduler_success_rate=0.667
episodes 3680-3699: success_rate=1.000 mean_reward=-20.93 mean_actor_loss=0.0125 mean_kl=0.0000 stage=warmup scheduler_success_rate=0.667
episodes 3700-3719: success_rate=1.000 mean_reward=209.82 mean_actor_loss=0.0125 mean_kl=0.0001 stage=intermediate scheduler_success_rate=0.000
episodes 3720-3739: success_rate=1.000 mean_reward=-164.83 mean_actor_loss=0.0125 mean_kl=0.0000 stage=warmup scheduler_success_rate=0.500
episodes 3740-3759: success_rate=1.000 mean_reward=69.24 mean_actor_loss=0.0125 mean_kl=0.0000 stage=full scheduler_success_rate=0.000
episodes 3760-3779: success_rate=1.000 mean_reward=129.24 mean_actor_loss=0.0125 mean_kl=0.0000 stage=warmup scheduler_success_rate=1.000
episodes 3780-3799: success_rate=1.000 mean_reward=302.32 mean_actor_loss=0.0125 mean_kl=0.0000 stage=intermediate scheduler_success_rate=0.500
episodes 3800-3819: success_rate=1.000 mean_reward=191.23 mean_actor_loss=0.0125 mean_kl=0.0000 stage=intermediate scheduler_success_rate=0.750
episodes 3820-3839: success_rate=1.000 mean_reward=57.12 mean_actor_loss=0.0125 mean_kl=0.0000 stage=warmup scheduler_success_rate=0.333
episodes 3840-3859: success_rate=0.950 mean_reward=234.86 mean_actor_loss=0.0125 mean_kl=0.0000 stage=full scheduler_success_rate=0.667
episodes 3860-3879: success_rate=1.000 mean_reward=190.65 mean_actor_loss=0.0125 mean_kl=0.0000 stage=intermediate scheduler_success_rate=1.000
episodes 3880-3899: success_rate=1.000 mean_reward=129.09 mean_actor_loss=0.0125 mean_kl=0.0001 stage=full scheduler_success_rate=0.000
episodes 3900-3919: success_rate=0.900 mean_reward=207.30 mean_actor_loss=0.0125 mean_kl=0.0001 stage=full scheduler_success_rate=0.000
episodes 3920-3939: success_rate=0.950 mean_reward=246.73 mean_actor_loss=0.0125 mean_kl=0.0000 stage=warmup scheduler_success_rate=0.000
episodes 3940-3959: success_rate=0.950 mean_reward=106.56 mean_actor_loss=0.0125 mean_kl=0.0001 stage=full scheduler_success_rate=0.000
episodes 3960-3979: success_rate=1.000 mean_reward=-193.19 mean_actor_loss=0.0125 mean_kl=0.0000 stage=warmup scheduler_success_rate=0.333
episodes 3980-3999: success_rate=1.000 mean_reward=61.96 mean_actor_loss=0.0125 mean_kl=0.0000 stage=warmup scheduler_success_rate=0.500
episodes 4000-4019: success_rate=1.000 mean_reward=58.26 mean_actor_loss=0.0125 mean_kl=0.0000 stage=intermediate scheduler_success_rate=0.000
episodes 4020-4039: success_rate=0.900 mean_reward=260.34 mean_actor_loss=0.0125 mean_kl=0.0000 stage=intermediate scheduler_success_rate=0.000
episodes 4040-4059: success_rate=0.950 mean_reward=-72.42 mean_actor_loss=0.0125 mean_kl=0.0000 stage=warmup scheduler_success_rate=0.500
episodes 4060-4079: success_rate=1.000 mean_reward=61.51 mean_actor_loss=0.0125 mean_kl=0.0000 stage=warmup scheduler_success_rate=0.500
episodes 4080-4099: success_rate=0.950 mean_reward=174.45 mean_actor_loss=0.0125 mean_kl=0.0001 stage=full scheduler_success_rate=0.333
episodes 4100-4119: success_rate=0.950 mean_reward=78.78 mean_actor_loss=0.0125 mean_kl=0.0001 stage=intermediate scheduler_success_rate=0.667
episodes 4120-4139: success_rate=1.000 mean_reward=129.23 mean_actor_loss=0.0125 mean_kl=0.0001 stage=warmup scheduler_success_rate=0.500
episodes 4140-4159: success_rate=1.000 mean_reward=-319.86 mean_actor_loss=0.0125 mean_kl=0.0000 stage=warmup scheduler_success_rate=0.500
episodes 4160-4179: success_rate=1.000 mean_reward=-15.54 mean_actor_loss=0.0125 mean_kl=0.0000 stage=warmup scheduler_success_rate=0.500
episodes 4180-4199: success_rate=0.900 mean_reward=201.70 mean_actor_loss=0.0125 mean_kl=0.0000 stage=intermediate scheduler_success_rate=1.000
episodes 4200-4219: success_rate=0.900 mean_reward=190.39 mean_actor_loss=0.0125 mean_kl=0.0000 stage=warmup scheduler_success_rate=1.000
episodes 4220-4239: success_rate=1.000 mean_reward=229.02 mean_actor_loss=0.0125 mean_kl=0.0000 stage=intermediate scheduler_success_rate=1.000
episodes 4240-4259: success_rate=0.950 mean_reward=15.32 mean_actor_loss=0.0125 mean_kl=0.0000 stage=warmup scheduler_success_rate=0.333
episodes 4260-4279: success_rate=1.000 mean_reward=144.63 mean_actor_loss=0.0125 mean_kl=0.0000 stage=warmup scheduler_success_rate=0.667
episodes 4280-4299: success_rate=1.000 mean_reward=305.49 mean_actor_loss=0.0125 mean_kl=0.0000 stage=warmup scheduler_success_rate=0.750
episodes 4300-4319: success_rate=1.000 mean_reward=-12.62 mean_actor_loss=0.0125 mean_kl=0.0001 stage=warmup scheduler_success_rate=0.500
episodes 4320-4339: success_rate=1.000 mean_reward=54.86 mean_actor_loss=0.0125 mean_kl=0.0000 stage=intermediate scheduler_success_rate=0.750
episodes 4340-4359: success_rate=0.950 mean_reward=7.13 mean_actor_loss=0.0125 mean_kl=0.0000 stage=intermediate scheduler_success_rate=0.000
episodes 4360-4379: success_rate=1.000 mean_reward=67.32 mean_actor_loss=0.0125 mean_kl=0.0000 stage=warmup scheduler_success_rate=0.667
episodes 4380-4399: success_rate=0.950 mean_reward=1.22 mean_actor_loss=0.0125 mean_kl=0.0001 stage=warmup scheduler_success_rate=0.500
episodes 4400-4419: success_rate=1.000 mean_reward=68.49 mean_actor_loss=0.0125 mean_kl=0.0000 stage=intermediate scheduler_success_rate=0.000
episodes 4420-4439: success_rate=0.900 mean_reward=-50.61 mean_actor_loss=0.0125 mean_kl=0.0001 stage=warmup scheduler_success_rate=0.750
episodes 4440-4459: success_rate=1.000 mean_reward=-25.71 mean_actor_loss=0.0125 mean_kl=0.0001 stage=warmup scheduler_success_rate=0.500
episodes 4460-4479: success_rate=1.000 mean_reward=372.70 mean_actor_loss=0.0125 mean_kl=0.0000 stage=intermediate scheduler_success_rate=1.000
episodes 4480-4499: success_rate=1.000 mean_reward=-177.03 mean_actor_loss=0.0125 mean_kl=0.0000 stage=warmup scheduler_success_rate=0.000
episodes 4500-4519: success_rate=1.000 mean_reward=116.37 mean_actor_loss=0.0125 mean_kl=0.0001 stage=warmup scheduler_success_rate=0.500
episodes 4520-4539: success_rate=1.000 mean_reward=211.19 mean_actor_loss=0.0125 mean_kl=0.0001 stage=intermediate scheduler_success_rate=0.500
episodes 4540-4559: success_rate=1.000 mean_reward=-20.79 mean_actor_loss=0.0125 mean_kl=0.0001 stage=warmup scheduler_success_rate=0.500
episodes 4560-4579: success_rate=0.950 mean_reward=158.86 mean_actor_loss=0.0125 mean_kl=0.0001 stage=warmup scheduler_success_rate=0.400
episodes 4580-4599: success_rate=1.000 mean_reward=149.05 mean_actor_loss=0.0125 mean_kl=0.0001 stage=intermediate scheduler_success_rate=0.000
episodes 4600-4619: success_rate=0.950 mean_reward=-5.45 mean_actor_loss=0.0125 mean_kl=0.0000 stage=intermediate scheduler_success_rate=0.333
episodes 4620-4639: success_rate=1.000 mean_reward=289.37 mean_actor_loss=0.0125 mean_kl=0.0000 stage=full scheduler_success_rate=0.500
episodes 4640-4659: success_rate=0.950 mean_reward=171.04 mean_actor_loss=0.0125 mean_kl=0.0000 stage=full scheduler_success_rate=1.000
episodes 4660-4679: success_rate=0.950 mean_reward=145.96 mean_actor_loss=0.0125 mean_kl=0.0000 stage=warmup scheduler_success_rate=1.000
episodes 4680-4699: success_rate=1.000 mean_reward=142.68 mean_actor_loss=0.0125 mean_kl=0.0001 stage=intermediate scheduler_success_rate=0.000
episodes 4700-4719: success_rate=1.000 mean_reward=-97.10 mean_actor_loss=0.0125 mean_kl=0.0001 stage=warmup scheduler_success_rate=0.500
episodes 4720-4739: success_rate=0.900 mean_reward=346.19 mean_actor_loss=0.0125 mean_kl=0.0001 stage=full scheduler_success_rate=0.333
episodes 4740-4759: success_rate=0.950 mean_reward=-131.66 mean_actor_loss=0.0125 mean_kl=0.0000 stage=intermediate scheduler_success_rate=0.500
episodes 4760-4779: success_rate=0.950 mean_reward=-219.16 mean_actor_loss=0.0125 mean_kl=0.0001 stage=warmup scheduler_success_rate=0.500
episodes 4780-4799: success_rate=1.000 mean_reward=51.30 mean_actor_loss=0.0125 mean_kl=0.0001 stage=warmup scheduler_success_rate=0.500
episodes 4800-4819: success_rate=1.000 mean_reward=214.93 mean_actor_loss=0.0125 mean_kl=0.0001 stage=intermediate scheduler_success_rate=0.750
episodes 4820-4839: success_rate=0.900 mean_reward=-190.46 mean_actor_loss=0.0125 mean_kl=0.0001 stage=warmup scheduler_success_rate=0.333
episodes 4840-4859: success_rate=1.000 mean_reward=67.25 mean_actor_loss=0.0125 mean_kl=0.0000 stage=warmup scheduler_success_rate=0.500
episodes 4860-4879: success_rate=0.900 mean_reward=218.46 mean_actor_loss=0.0125 mean_kl=0.0000 stage=intermediate scheduler_success_rate=0.000
episodes 4880-4899: success_rate=1.000 mean_reward=-13.25 mean_actor_loss=0.0125 mean_kl=0.0000 stage=warmup scheduler_success_rate=0.000
episodes 4900-4919: success_rate=1.000 mean_reward=143.30 mean_actor_loss=0.0125 mean_kl=0.0000 stage=warmup scheduler_success_rate=0.667
episodes 4920-4939: success_rate=0.900 mean_reward=93.63 mean_actor_loss=0.0125 mean_kl=0.0001 stage=full scheduler_success_rate=0.750
episodes 4940-4959: success_rate=0.950 mean_reward=-136.71 mean_actor_loss=0.0125 mean_kl=0.0000 stage=warmup scheduler_success_rate=0.500
episodes 4960-4979: success_rate=1.000 mean_reward=-170.18 mean_actor_loss=0.0125 mean_kl=0.0000 stage=warmup scheduler_success_rate=0.333
episodes 4980-4999: success_rate=1.000 mean_reward=147.84 mean_actor_loss=0.0125 mean_kl=0.0000 stage=intermediate scheduler_success_rate=0.000
episodes 5000-5019: success_rate=1.000 mean_reward=203.54 mean_actor_loss=0.0125 mean_kl=0.0000 stage=warmup scheduler_success_rate=0.667
episodes 5020-5039: success_rate=1.000 mean_reward=64.89 mean_actor_loss=0.0125 mean_kl=0.0001 stage=intermediate scheduler_success_rate=0.000
episodes 5040-5059: success_rate=1.000 mean_reward=460.34 mean_actor_loss=0.0125 mean_kl=0.0000 stage=full scheduler_success_rate=1.000
episodes 5060-5079: success_rate=0.850 mean_reward=39.48 mean_actor_loss=0.0125 mean_kl=0.0000 stage=full scheduler_success_rate=0.500
episodes 5080-5099: success_rate=1.000 mean_reward=194.05 mean_actor_loss=0.0124 mean_kl=0.0001 stage=intermediate scheduler_success_rate=0.000
episodes 5100-5119: success_rate=1.000 mean_reward=-12.18 mean_actor_loss=0.0125 mean_kl=0.0000 stage=warmup scheduler_success_rate=0.667
episodes 5120-5139: success_rate=1.000 mean_reward=-259.24 mean_actor_loss=0.0125 mean_kl=0.0000 stage=warmup scheduler_success_rate=0.500
episodes 5140-5159: success_rate=1.000 mean_reward=151.71 mean_actor_loss=0.0125 mean_kl=0.0000 stage=warmup scheduler_success_rate=0.333
episodes 5160-5179: success_rate=1.000 mean_reward=-23.11 mean_actor_loss=0.0125 mean_kl=0.0000 stage=intermediate scheduler_success_rate=1.000
episodes 5180-5199: success_rate=0.950 mean_reward=-25.68 mean_actor_loss=0.0125 mean_kl=0.0000 stage=intermediate scheduler_success_rate=0.750
episodes 5200-5219: success_rate=0.950 mean_reward=-93.61 mean_actor_loss=0.0125 mean_kl=0.0001 stage=full scheduler_success_rate=0.000
episodes 5220-5239: success_rate=1.000 mean_reward=131.55 mean_actor_loss=0.0125 mean_kl=0.0001 stage=intermediate scheduler_success_rate=1.000
episodes 5240-5259: success_rate=0.950 mean_reward=42.61 mean_actor_loss=0.0125 mean_kl=0.0000 stage=intermediate scheduler_success_rate=0.000
episodes 5260-5279: success_rate=1.000 mean_reward=145.63 mean_actor_loss=0.0125 mean_kl=0.0000 stage=intermediate scheduler_success_rate=0.500
episodes 5280-5299: success_rate=1.000 mean_reward=52.93 mean_actor_loss=0.0125 mean_kl=0.0000 stage=warmup scheduler_success_rate=0.000
episodes 5300-5319: success_rate=1.000 mean_reward=-96.35 mean_actor_loss=0.0125 mean_kl=0.0000 stage=warmup scheduler_success_rate=0.500
episodes 5320-5339: success_rate=1.000 mean_reward=58.53 mean_actor_loss=0.0125 mean_kl=0.0000 stage=intermediate scheduler_success_rate=0.000
episodes 5340-5359: success_rate=1.000 mean_reward=126.46 mean_actor_loss=0.0125 mean_kl=0.0001 stage=warmup scheduler_success_rate=0.000
episodes 5360-5379: success_rate=1.000 mean_reward=233.23 mean_actor_loss=0.0125 mean_kl=0.0000 stage=intermediate scheduler_success_rate=1.000
episodes 5380-5399: success_rate=0.950 mean_reward=-64.52 mean_actor_loss=0.0125 mean_kl=0.0000 stage=intermediate scheduler_success_rate=0.333
episodes 5400-5419: success_rate=1.000 mean_reward=67.93 mean_actor_loss=0.0125 mean_kl=0.0001 stage=warmup scheduler_success_rate=0.500
episodes 5420-5439: success_rate=1.000 mean_reward=282.52 mean_actor_loss=0.0125 mean_kl=0.0001 stage=intermediate scheduler_success_rate=1.000
episodes 5440-5459: success_rate=0.900 mean_reward=125.44 mean_actor_loss=0.0125 mean_kl=0.0001 stage=intermediate scheduler_success_rate=1.000
episodes 5460-5479: success_rate=1.000 mean_reward=209.11 mean_actor_loss=0.0125 mean_kl=0.0001 stage=intermediate scheduler_success_rate=0.000
episodes 5480-5499: success_rate=1.000 mean_reward=366.80 mean_actor_loss=0.0125 mean_kl=0.0000 stage=warmup scheduler_success_rate=0.500
episodes 5500-5519: success_rate=1.000 mean_reward=-97.59 mean_actor_loss=0.0125 mean_kl=0.0000 stage=warmup scheduler_success_rate=0.500
episodes 5520-5539: success_rate=0.950 mean_reward=239.56 mean_actor_loss=0.0125 mean_kl=0.0000 stage=intermediate scheduler_success_rate=1.000
episodes 5540-5559: success_rate=0.950 mean_reward=248.52 mean_actor_loss=0.0124 mean_kl=0.0000 stage=intermediate scheduler_success_rate=0.500
episodes 5560-5579: success_rate=0.900 mean_reward=126.60 mean_actor_loss=0.0125 mean_kl=0.0000 stage=warmup scheduler_success_rate=0.200
episodes 5580-5599: success_rate=0.950 mean_reward=155.62 mean_actor_loss=0.0125 mean_kl=0.0000 stage=full scheduler_success_rate=0.600
episodes 5600-5619: success_rate=0.900 mean_reward=238.14 mean_actor_loss=0.0125 mean_kl=0.0001 stage=intermediate scheduler_success_rate=0.750
episodes 5620-5639: success_rate=1.000 mean_reward=73.15 mean_actor_loss=0.0125 mean_kl=0.0001 stage=warmup scheduler_success_rate=0.750
episodes 5640-5659: success_rate=1.000 mean_reward=214.42 mean_actor_loss=0.0125 mean_kl=0.0000 stage=warmup scheduler_success_rate=0.667
episodes 5660-5679: success_rate=0.950 mean_reward=309.83 mean_actor_loss=0.0125 mean_kl=0.0000 stage=warmup scheduler_success_rate=1.000
episodes 5680-5699: success_rate=1.000 mean_reward=225.54 mean_actor_loss=0.0125 mean_kl=0.0000 stage=intermediate scheduler_success_rate=0.000
episodes 5700-5719: success_rate=0.900 mean_reward=-61.73 mean_actor_loss=0.0125 mean_kl=0.0001 stage=warmup scheduler_success_rate=0.500
episodes 5720-5739: success_rate=1.000 mean_reward=138.49 mean_actor_loss=0.0125 mean_kl=0.0001 stage=full scheduler_success_rate=0.667
episodes 5740-5759: success_rate=0.950 mean_reward=-5.65 mean_actor_loss=0.0125 mean_kl=0.0001 stage=intermediate scheduler_success_rate=0.000
episodes 5760-5779: success_rate=0.900 mean_reward=205.52 mean_actor_loss=0.0125 mean_kl=0.0000 stage=intermediate scheduler_success_rate=1.000
episodes 5780-5799: success_rate=1.000 mean_reward=147.35 mean_actor_loss=0.0125 mean_kl=0.0001 stage=intermediate scheduler_success_rate=0.667
episodes 5800-5819: success_rate=1.000 mean_reward=-405.04 mean_actor_loss=0.0125 mean_kl=0.0000 stage=warmup scheduler_success_rate=0.333
episodes 5820-5839: success_rate=1.000 mean_reward=217.28 mean_actor_loss=0.0125 mean_kl=0.0000 stage=warmup scheduler_success_rate=0.750
episodes 5840-5859: success_rate=1.000 mean_reward=229.47 mean_actor_loss=0.0125 mean_kl=0.0000 stage=intermediate scheduler_success_rate=0.500
