wandb: [wandb.login()] Loaded credentials for https://api.wandb.ai from /home/seohy/.netrc.
wandb: Currently logged in as: ohseohyun0531 (ohseohyun0531-kwangwoon-university) to https://api.wandb.ai. Use `wandb login --relogin` to force relogin
wandb: setting up run w7d5h0ij
wandb: Tracking run with wandb version 0.28.1
wandb: Run data is saved locally in /home/seohy/colcon_ws/src/Adaptive_Cost_MPC/wandb/run-20260726_182331-w7d5h0ij
wandb: Run `wandb offline` to turn off syncing.
wandb: Syncing run postfix-v1-residual-curriculum
wandb: ⭐️ View project at https://wandb.ai/ohseohyun0531-kwangwoon-university/adaptive-cost-mpc-box-catch
wandb: 🚀 View run at https://wandb.ai/ohseohyun0531-kwangwoon-university/adaptive-cost-mpc-box-catch/runs/w7d5h0ij
episodes 0-19: success_rate=0.900 mean_reward=775.44 mean_actor_loss=0.0124 mean_kl=0.0000 stage=full scheduler_success_rate=1.000
episodes 20-39: success_rate=0.900 mean_reward=744.69 mean_actor_loss=0.0124 mean_kl=0.0000 stage=full scheduler_success_rate=0.833
episodes 40-59: success_rate=0.900 mean_reward=775.50 mean_actor_loss=0.0124 mean_kl=0.0000 stage=full scheduler_success_rate=0.667
episodes 60-79: success_rate=0.800 mean_reward=715.53 mean_actor_loss=0.0124 mean_kl=0.0000 stage=full scheduler_success_rate=0.667
episodes 80-99: success_rate=0.900 mean_reward=749.80 mean_actor_loss=0.0124 mean_kl=0.0000 stage=full scheduler_success_rate=0.833
episodes 100-119: success_rate=0.950 mean_reward=770.03 mean_actor_loss=0.0124 mean_kl=0.0000 stage=full scheduler_success_rate=1.000
episodes 120-139: success_rate=0.950 mean_reward=758.07 mean_actor_loss=0.0124 mean_kl=0.0000 stage=full scheduler_success_rate=0.833
episodes 140-159: success_rate=0.950 mean_reward=801.23 mean_actor_loss=0.0124 mean_kl=0.0000 stage=full scheduler_success_rate=1.000
episodes 160-179: success_rate=0.750 mean_reward=724.19 mean_actor_loss=0.0124 mean_kl=0.0000 stage=full scheduler_success_rate=1.000
episodes 180-199: success_rate=0.900 mean_reward=785.05 mean_actor_loss=0.0124 mean_kl=0.0000 stage=full scheduler_success_rate=0.667
episodes 200-219: success_rate=0.950 mean_reward=774.85 mean_actor_loss=0.0124 mean_kl=0.0000 stage=full scheduler_success_rate=1.000
episodes 220-239: success_rate=0.700 mean_reward=768.46 mean_actor_loss=0.0124 mean_kl=0.0000 stage=full scheduler_success_rate=0.833
episodes 240-259: success_rate=0.900 mean_reward=769.36 mean_actor_loss=0.0124 mean_kl=0.0000 stage=full scheduler_success_rate=0.833
episodes 260-279: success_rate=0.900 mean_reward=754.78 mean_actor_loss=0.0124 mean_kl=0.0000 stage=full scheduler_success_rate=1.000
episodes 280-299: success_rate=0.900 mean_reward=804.92 mean_actor_loss=0.0124 mean_kl=0.0000 stage=full scheduler_success_rate=1.000
episodes 300-319: success_rate=0.900 mean_reward=791.67 mean_actor_loss=0.0124 mean_kl=0.0000 stage=full scheduler_success_rate=1.000
episodes 320-339: success_rate=0.900 mean_reward=730.61 mean_actor_loss=0.0124 mean_kl=0.0000 stage=full scheduler_success_rate=0.833
episodes 340-359: success_rate=0.900 mean_reward=736.39 mean_actor_loss=0.0124 mean_kl=0.0000 stage=full scheduler_success_rate=0.833
episodes 360-379: success_rate=0.850 mean_reward=742.10 mean_actor_loss=0.0124 mean_kl=0.0000 stage=full scheduler_success_rate=0.833
episodes 380-399: success_rate=1.000 mean_reward=825.44 mean_actor_loss=0.0124 mean_kl=0.0000 stage=full scheduler_success_rate=1.000
episodes 400-419: success_rate=0.800 mean_reward=708.48 mean_actor_loss=0.0124 mean_kl=0.0000 stage=full scheduler_success_rate=0.833
episodes 420-439: success_rate=0.850 mean_reward=733.13 mean_actor_loss=0.0124 mean_kl=0.0000 stage=full scheduler_success_rate=1.000
episodes 440-459: success_rate=0.850 mean_reward=761.00 mean_actor_loss=0.0124 mean_kl=0.0000 stage=full scheduler_success_rate=1.000
episodes 460-479: success_rate=1.000 mean_reward=821.10 mean_actor_loss=0.0124 mean_kl=0.0000 stage=full scheduler_success_rate=1.000
episodes 480-499: success_rate=0.850 mean_reward=744.75 mean_actor_loss=0.0124 mean_kl=0.0000 stage=full scheduler_success_rate=0.833
episodes 500-519: success_rate=0.900 mean_reward=781.85 mean_actor_loss=0.0124 mean_kl=0.0000 stage=full scheduler_success_rate=0.833
episodes 520-539: success_rate=0.950 mean_reward=823.69 mean_actor_loss=0.0124 mean_kl=0.0000 stage=full scheduler_success_rate=1.000
episodes 540-559: success_rate=0.850 mean_reward=816.98 mean_actor_loss=0.0124 mean_kl=0.0000 stage=full scheduler_success_rate=1.000
episodes 560-579: success_rate=0.750 mean_reward=723.29 mean_actor_loss=0.0124 mean_kl=0.0000 stage=full scheduler_success_rate=0.667
episodes 580-599: success_rate=0.900 mean_reward=760.73 mean_actor_loss=0.0124 mean_kl=0.0000 stage=full scheduler_success_rate=1.000
episodes 600-619: success_rate=0.800 mean_reward=764.86 mean_actor_loss=0.0124 mean_kl=0.0000 stage=full scheduler_success_rate=0.833
episodes 620-639: success_rate=0.850 mean_reward=735.75 mean_actor_loss=0.0124 mean_kl=0.0000 stage=full scheduler_success_rate=1.000
episodes 640-659: success_rate=0.900 mean_reward=787.25 mean_actor_loss=0.0124 mean_kl=0.0000 stage=full scheduler_success_rate=0.667
episodes 660-679: success_rate=0.800 mean_reward=688.98 mean_actor_loss=0.0124 mean_kl=0.0000 stage=full scheduler_success_rate=0.833
episodes 680-699: success_rate=0.850 mean_reward=734.71 mean_actor_loss=0.0124 mean_kl=0.0000 stage=full scheduler_success_rate=0.500
episodes 700-719: success_rate=0.950 mean_reward=791.14 mean_actor_loss=0.0124 mean_kl=0.0000 stage=full scheduler_success_rate=1.000
episodes 720-739: success_rate=0.900 mean_reward=777.47 mean_actor_loss=0.0123 mean_kl=0.0000 stage=full scheduler_success_rate=1.000
episodes 740-759: success_rate=0.700 mean_reward=675.77 mean_actor_loss=0.0124 mean_kl=0.0000 stage=full scheduler_success_rate=0.500
episodes 760-779: success_rate=0.800 mean_reward=772.26 mean_actor_loss=0.0124 mean_kl=0.0000 stage=intermediate scheduler_success_rate=1.000
episodes 780-799: success_rate=0.800 mean_reward=775.36 mean_actor_loss=0.0124 mean_kl=0.0000 stage=full scheduler_success_rate=1.000
episodes 800-819: success_rate=0.850 mean_reward=703.15 mean_actor_loss=0.0125 mean_kl=0.0000 stage=full scheduler_success_rate=0.833
episodes 820-839: success_rate=0.900 mean_reward=764.16 mean_actor_loss=0.0124 mean_kl=0.0000 stage=full scheduler_success_rate=1.000
episodes 840-859: success_rate=0.900 mean_reward=776.34 mean_actor_loss=0.0124 mean_kl=0.0000 stage=full scheduler_success_rate=1.000
episodes 860-879: success_rate=0.900 mean_reward=727.74 mean_actor_loss=0.0124 mean_kl=0.0000 stage=full scheduler_success_rate=1.000
episodes 880-899: success_rate=1.000 mean_reward=817.88 mean_actor_loss=0.0124 mean_kl=0.0000 stage=full scheduler_success_rate=1.000
episodes 900-919: success_rate=0.800 mean_reward=722.50 mean_actor_loss=0.0124 mean_kl=0.0000 stage=full scheduler_success_rate=1.000
episodes 920-939: success_rate=0.850 mean_reward=769.63 mean_actor_loss=0.0124 mean_kl=0.0000 stage=full scheduler_success_rate=1.000
episodes 940-959: success_rate=0.900 mean_reward=806.41 mean_actor_loss=0.0124 mean_kl=0.0000 stage=full scheduler_success_rate=0.667
episodes 960-979: success_rate=0.850 mean_reward=805.09 mean_actor_loss=0.0125 mean_kl=0.0000 stage=full scheduler_success_rate=0.833
episodes 980-999: success_rate=0.900 mean_reward=779.62 mean_actor_loss=0.0125 mean_kl=0.0000 stage=full scheduler_success_rate=1.000
episodes 1000-1019: success_rate=1.000 mean_reward=818.91 mean_actor_loss=0.0124 mean_kl=0.0000 stage=full scheduler_success_rate=1.000
episodes 1020-1039: success_rate=1.000 mean_reward=822.42 mean_actor_loss=0.0124 mean_kl=0.0000 stage=full scheduler_success_rate=1.000
episodes 1040-1059: success_rate=0.900 mean_reward=780.66 mean_actor_loss=0.0124 mean_kl=0.0000 stage=full scheduler_success_rate=1.000
episodes 1060-1079: success_rate=0.950 mean_reward=821.74 mean_actor_loss=0.0124 mean_kl=0.0000 stage=full scheduler_success_rate=1.000
episodes 1080-1099: success_rate=0.950 mean_reward=801.05 mean_actor_loss=0.0124 mean_kl=0.0000 stage=full scheduler_success_rate=1.000
episodes 1100-1119: success_rate=0.850 mean_reward=749.97 mean_actor_loss=0.0124 mean_kl=0.0000 stage=full scheduler_success_rate=0.833
episodes 1120-1139: success_rate=0.950 mean_reward=771.44 mean_actor_loss=0.0124 mean_kl=0.0000 stage=full scheduler_success_rate=1.000
episodes 1140-1159: success_rate=0.950 mean_reward=777.45 mean_actor_loss=0.0124 mean_kl=0.0000 stage=full scheduler_success_rate=1.000
episodes 1160-1179: success_rate=0.800 mean_reward=754.69 mean_actor_loss=0.0125 mean_kl=0.0000 stage=full scheduler_success_rate=0.833
episodes 1180-1199: success_rate=0.950 mean_reward=775.89 mean_actor_loss=0.0124 mean_kl=0.0000 stage=full scheduler_success_rate=0.833
episodes 1200-1219: success_rate=0.900 mean_reward=765.05 mean_actor_loss=0.0124 mean_kl=0.0000 stage=full scheduler_success_rate=0.833
episodes 1220-1239: success_rate=0.900 mean_reward=766.25 mean_actor_loss=0.0124 mean_kl=0.0000 stage=full scheduler_success_rate=1.000
episodes 1240-1259: success_rate=1.000 mean_reward=813.27 mean_actor_loss=0.0124 mean_kl=0.0000 stage=full scheduler_success_rate=1.000
episodes 1260-1279: success_rate=0.850 mean_reward=747.13 mean_actor_loss=0.0124 mean_kl=0.0000 stage=full scheduler_success_rate=0.833
episodes 1280-1299: success_rate=0.950 mean_reward=790.03 mean_actor_loss=0.0124 mean_kl=0.0000 stage=full scheduler_success_rate=1.000
episodes 1300-1319: success_rate=0.850 mean_reward=722.71 mean_actor_loss=0.0124 mean_kl=0.0000 stage=full scheduler_success_rate=0.833
episodes 1320-1339: success_rate=1.000 mean_reward=820.25 mean_actor_loss=0.0124 mean_kl=0.0000 stage=full scheduler_success_rate=1.000
episodes 1340-1359: success_rate=0.850 mean_reward=722.53 mean_actor_loss=0.0124 mean_kl=0.0000 stage=full scheduler_success_rate=1.000
episodes 1360-1379: success_rate=0.950 mean_reward=780.00 mean_actor_loss=0.0124 mean_kl=0.0000 stage=full scheduler_success_rate=0.833
episodes 1380-1399: success_rate=0.950 mean_reward=782.33 mean_actor_loss=0.0124 mean_kl=0.0000 stage=full scheduler_success_rate=1.000
episodes 1400-1419: success_rate=0.900 mean_reward=797.09 mean_actor_loss=0.0124 mean_kl=0.0000 stage=full scheduler_success_rate=0.833
episodes 1420-1439: success_rate=0.950 mean_reward=788.18 mean_actor_loss=0.0124 mean_kl=0.0000 stage=full scheduler_success_rate=0.833
episodes 1440-1459: success_rate=0.800 mean_reward=692.91 mean_actor_loss=0.0125 mean_kl=0.0000 stage=full scheduler_success_rate=1.000
episodes 1460-1479: success_rate=0.800 mean_reward=714.86 mean_actor_loss=0.0124 mean_kl=0.0000 stage=full scheduler_success_rate=0.833
episodes 1480-1499: success_rate=0.800 mean_reward=740.97 mean_actor_loss=0.0124 mean_kl=0.0000 stage=full scheduler_success_rate=0.667
episodes 1500-1519: success_rate=0.950 mean_reward=771.85 mean_actor_loss=0.0124 mean_kl=0.0000 stage=full scheduler_success_rate=1.000
episodes 1520-1539: success_rate=1.000 mean_reward=810.28 mean_actor_loss=0.0123 mean_kl=0.0000 stage=full scheduler_success_rate=1.000
episodes 1540-1559: success_rate=0.800 mean_reward=743.10 mean_actor_loss=0.0124 mean_kl=0.0000 stage=full scheduler_success_rate=0.833
episodes 1560-1579: success_rate=1.000 mean_reward=804.72 mean_actor_loss=0.0124 mean_kl=0.0000 stage=full scheduler_success_rate=1.000
episodes 1580-1599: success_rate=0.950 mean_reward=780.98 mean_actor_loss=0.0124 mean_kl=0.0000 stage=full scheduler_success_rate=1.000
episodes 1600-1619: success_rate=0.950 mean_reward=821.84 mean_actor_loss=0.0124 mean_kl=0.0000 stage=full scheduler_success_rate=0.833
episodes 1620-1639: success_rate=0.850 mean_reward=720.34 mean_actor_loss=0.0124 mean_kl=0.0000 stage=full scheduler_success_rate=1.000
episodes 1640-1659: success_rate=0.750 mean_reward=683.29 mean_actor_loss=0.0124 mean_kl=0.0000 stage=full scheduler_success_rate=0.667
episodes 1660-1679: success_rate=0.900 mean_reward=773.23 mean_actor_loss=0.0124 mean_kl=0.0000 stage=full scheduler_success_rate=1.000
episodes 1680-1699: success_rate=0.850 mean_reward=736.72 mean_actor_loss=0.0124 mean_kl=0.0000 stage=full scheduler_success_rate=0.833
episodes 1700-1719: success_rate=0.900 mean_reward=773.34 mean_actor_loss=0.0124 mean_kl=0.0000 stage=full scheduler_success_rate=1.000
episodes 1720-1739: success_rate=0.850 mean_reward=757.61 mean_actor_loss=0.0124 mean_kl=0.0000 stage=full scheduler_success_rate=0.833
episodes 1740-1759: success_rate=0.950 mean_reward=800.03 mean_actor_loss=0.0124 mean_kl=0.0000 stage=full scheduler_success_rate=0.833
episodes 1760-1779: success_rate=1.000 mean_reward=818.98 mean_actor_loss=0.0124 mean_kl=0.0000 stage=full scheduler_success_rate=1.000
episodes 1780-1799: success_rate=0.750 mean_reward=682.04 mean_actor_loss=0.0124 mean_kl=0.0000 stage=full scheduler_success_rate=0.833
episodes 1800-1819: success_rate=0.900 mean_reward=811.17 mean_actor_loss=0.0124 mean_kl=0.0000 stage=full scheduler_success_rate=0.833
episodes 1820-1839: success_rate=0.850 mean_reward=774.22 mean_actor_loss=0.0124 mean_kl=0.0000 stage=full scheduler_success_rate=0.833
episodes 1840-1859: success_rate=0.700 mean_reward=726.03 mean_actor_loss=0.0124 mean_kl=0.0000 stage=intermediate scheduler_success_rate=1.000
episodes 1860-1879: success_rate=0.850 mean_reward=730.71 mean_actor_loss=0.0125 mean_kl=0.0000 stage=full scheduler_success_rate=0.833
episodes 1880-1899: success_rate=0.950 mean_reward=774.65 mean_actor_loss=0.0124 mean_kl=0.0000 stage=full scheduler_success_rate=1.000
episodes 1900-1919: success_rate=0.950 mean_reward=816.17 mean_actor_loss=0.0124 mean_kl=0.0000 stage=full scheduler_success_rate=0.833
episodes 1920-1939: success_rate=0.900 mean_reward=791.66 mean_actor_loss=0.0124 mean_kl=0.0000 stage=full scheduler_success_rate=0.833
episodes 1940-1959: success_rate=0.900 mean_reward=753.27 mean_actor_loss=0.0124 mean_kl=0.0000 stage=full scheduler_success_rate=1.000
episodes 1960-1979: success_rate=0.800 mean_reward=767.69 mean_actor_loss=0.0124 mean_kl=0.0000 stage=full scheduler_success_rate=1.000
episodes 1980-1999: success_rate=0.950 mean_reward=812.54 mean_actor_loss=0.0124 mean_kl=0.0000 stage=full scheduler_success_rate=1.000
episodes 2000-2019: success_rate=1.000 mean_reward=822.36 mean_actor_loss=0.0124 mean_kl=0.0000 stage=full scheduler_success_rate=1.000
episodes 2020-2039: success_rate=0.850 mean_reward=814.48 mean_actor_loss=0.0124 mean_kl=0.0000 stage=full scheduler_success_rate=0.833
episodes 2040-2059: success_rate=0.700 mean_reward=637.69 mean_actor_loss=0.0124 mean_kl=0.0000 stage=full scheduler_success_rate=0.500
episodes 2060-2079: success_rate=0.900 mean_reward=801.65 mean_actor_loss=0.0124 mean_kl=0.0000 stage=full scheduler_success_rate=0.833
episodes 2080-2099: success_rate=1.000 mean_reward=815.09 mean_actor_loss=0.0124 mean_kl=0.0000 stage=full scheduler_success_rate=1.000
episodes 2100-2119: success_rate=0.950 mean_reward=795.71 mean_actor_loss=0.0124 mean_kl=0.0000 stage=full scheduler_success_rate=0.833
episodes 2120-2139: success_rate=0.900 mean_reward=785.60 mean_actor_loss=0.0124 mean_kl=0.0000 stage=full scheduler_success_rate=0.833
episodes 2140-2159: success_rate=0.700 mean_reward=724.72 mean_actor_loss=0.0124 mean_kl=0.0000 stage=full scheduler_success_rate=0.500
episodes 2160-2179: success_rate=0.950 mean_reward=810.80 mean_actor_loss=0.0124 mean_kl=0.0000 stage=full scheduler_success_rate=1.000
episodes 2180-2199: success_rate=0.850 mean_reward=728.40 mean_actor_loss=0.0124 mean_kl=0.0000 stage=full scheduler_success_rate=0.833
episodes 2200-2219: success_rate=0.950 mean_reward=795.16 mean_actor_loss=0.0124 mean_kl=0.0000 stage=full scheduler_success_rate=0.833
episodes 2220-2239: success_rate=0.850 mean_reward=750.58 mean_actor_loss=0.0124 mean_kl=0.0000 stage=full scheduler_success_rate=1.000
episodes 2240-2259: success_rate=0.850 mean_reward=770.41 mean_actor_loss=0.0124 mean_kl=0.0000 stage=full scheduler_success_rate=1.000
episodes 2260-2279: success_rate=0.850 mean_reward=729.88 mean_actor_loss=0.0124 mean_kl=0.0000 stage=full scheduler_success_rate=1.000
episodes 2280-2299: success_rate=0.900 mean_reward=778.19 mean_actor_loss=0.0124 mean_kl=0.0000 stage=full scheduler_success_rate=1.000
episodes 2300-2319: success_rate=1.000 mean_reward=820.52 mean_actor_loss=0.0124 mean_kl=0.0000 stage=full scheduler_success_rate=1.000
episodes 2320-2339: success_rate=0.950 mean_reward=807.69 mean_actor_loss=0.0124 mean_kl=0.0000 stage=full scheduler_success_rate=1.000
episodes 2340-2359: success_rate=0.800 mean_reward=735.44 mean_actor_loss=0.0124 mean_kl=0.0000 stage=full scheduler_success_rate=1.000
episodes 2360-2379: success_rate=0.650 mean_reward=733.92 mean_actor_loss=0.0124 mean_kl=0.0000 stage=full scheduler_success_rate=0.500
episodes 2380-2399: success_rate=0.950 mean_reward=795.80 mean_actor_loss=0.0124 mean_kl=0.0000 stage=full scheduler_success_rate=1.000
episodes 2400-2419: success_rate=0.950 mean_reward=790.94 mean_actor_loss=0.0124 mean_kl=0.0000 stage=full scheduler_success_rate=1.000
episodes 2420-2439: success_rate=0.850 mean_reward=637.02 mean_actor_loss=0.0125 mean_kl=0.0000 stage=full scheduler_success_rate=0.833
episodes 2440-2459: success_rate=0.900 mean_reward=785.32 mean_actor_loss=0.0124 mean_kl=0.0000 stage=full scheduler_success_rate=1.000
episodes 2460-2479: success_rate=0.850 mean_reward=779.14 mean_actor_loss=0.0124 mean_kl=0.0000 stage=full scheduler_success_rate=0.833
episodes 2480-2499: success_rate=0.900 mean_reward=745.31 mean_actor_loss=0.0124 mean_kl=0.0000 stage=full scheduler_success_rate=1.000
episodes 2500-2519: success_rate=0.850 mean_reward=772.24 mean_actor_loss=0.0124 mean_kl=0.0000 stage=full scheduler_success_rate=0.667
episodes 2520-2539: success_rate=0.950 mean_reward=781.25 mean_actor_loss=0.0123 mean_kl=0.0000 stage=full scheduler_success_rate=1.000
episodes 2540-2559: success_rate=0.800 mean_reward=736.32 mean_actor_loss=0.0124 mean_kl=0.0000 stage=full scheduler_success_rate=0.667
episodes 2560-2579: success_rate=0.900 mean_reward=732.93 mean_actor_loss=0.0124 mean_kl=0.0000 stage=full scheduler_success_rate=0.833
episodes 2580-2599: success_rate=0.900 mean_reward=776.74 mean_actor_loss=0.0123 mean_kl=0.0000 stage=full scheduler_success_rate=1.000
episodes 2600-2619: success_rate=0.850 mean_reward=722.78 mean_actor_loss=0.0124 mean_kl=0.0000 stage=full scheduler_success_rate=0.833
episodes 2620-2639: success_rate=1.000 mean_reward=825.32 mean_actor_loss=0.0124 mean_kl=0.0000 stage=full scheduler_success_rate=1.000
episodes 2640-2659: success_rate=0.850 mean_reward=793.09 mean_actor_loss=0.0124 mean_kl=0.0000 stage=full scheduler_success_rate=0.833
episodes 2660-2679: success_rate=0.850 mean_reward=768.49 mean_actor_loss=0.0124 mean_kl=0.0000 stage=full scheduler_success_rate=0.833
episodes 2680-2699: success_rate=0.850 mean_reward=736.49 mean_actor_loss=0.0124 mean_kl=0.0000 stage=full scheduler_success_rate=0.833
wandb: updating run metadata
wandb: uploading output.log; uploading wandb-summary.json; uploading config.yaml
wandb: uploading history steps 283592-283763, summary, console lines 134-134
wandb: 
wandb: Run history:
wandb: actor/mean_abs_residual_relative ▂▂▅▄▄▃▃▂▄▆▃▂▁▂▂▅▄▅▂▂▁▄█▃▃▄▃▃▅▄▃▃▃▃▄█▂▂▅▂
wandb:          catch/bilateral_contact ███▁██▁█▁██▁██████▁██▁███▁██████████████
wandb:               catch/box_velocity ▁▁▁▁▁▂▁▂▁▁█▁▁▂▁▁▁▁▁▁▁▁▁▂▁▁▁▁▁▂▁▁▂▁▁▁▁▅▂▂
wandb:          catch/left_normal_force ▁█▅▇▅▅▆▁▅▅▅▆▅▅▁▅▁▁▁▆▁▅▅▅▆▇▅▅▇▆▅▆▆▅▆▆▅▇▆▆
wandb:         catch/right_normal_force ▄▄▄▄▅▄▅▅█▁▄▁▄▄▄▅▅▅▆▄▄▄▅▄▃▅▄▁▄▄▃▄▄▅▄▄▄▄▄▄
wandb:            eval/impact_safe_rate ████████████████████████████████████▁███
wandb:              eval/mean_hold_time ▅▅▅▇▅█▇▂▅▅▁▂▂▄▅▇▇▄▅█▇█▂█▁▇▁▄▇▄█▇▄▇▄▂▄▅▅▄
wandb:            eval/stable_hold_rate ▆▆▆▅▅▆▅▆▅▇▁▃▅▆█▅▇▇▅▃▅▇▃▅▆▅▅▁▇▆█▅▆█▁▇▇▇▇▅
wandb:                eval/success_rate ▆▆▃▆▆▆▆▆█▅▆▃▅▆▅▆▃▆██▅▇▃▆▆▃▃▇▁▅▃▅█▅▃▅▅▅▇█
wandb:             failure/contact_loss ▁▁▁▁
wandb:                              +42 ...
wandb: 
wandb: Run summary:
wandb: actor/mean_abs_residual_relative 0.028
wandb:          catch/bilateral_contact 0
wandb:               catch/box_velocity 3.62137
wandb:          catch/left_normal_force 0
wandb:         catch/right_normal_force 0
wandb:              catch/slip_velocity nan
wandb:            eval/impact_safe_rate 1
wandb:              eval/mean_hold_time 4.4805
wandb:            eval/stable_hold_rate 0.85
wandb:                eval/success_rate 0.85
wandb:                              +42 ...
wandb: 
wandb: 🚀 View run postfix-v1-residual-curriculum at: https://wandb.ai/ohseohyun0531-kwangwoon-university/adaptive-cost-mpc-box-catch/runs/w7d5h0ij
wandb: ⭐️ View project at: https://wandb.ai/ohseohyun0531-kwangwoon-university/adaptive-cost-mpc-box-catch
wandb: Synced 5 W&B file(s), 0 media file(s), 0 artifact file(s) and 0 other file(s)
wandb: Find logs at: ./wandb/run-20260726_182331-w7d5h0ij/logs
Traceback (most recent call last):
  File "/home/seohy/colcon_ws/src/Adaptive_Cost_MPC/acmpc/main_acmpc_box_catch_curriculum.py", line 518, in <module>
    main()
    ~~~~^^
  File "/home/seohy/colcon_ws/src/Adaptive_Cost_MPC/acmpc/main_acmpc_box_catch_curriculum.py", line 489, in main
    summary = run_curriculum_box_catch(
        CurriculumBoxCatchConfig(
    ...<11 lines>...
        )
    )
  File "/home/seohy/colcon_ws/src/Adaptive_Cost_MPC/acmpc/main_acmpc_box_catch_curriculum.py", line 259, in run_curriculum_box_catch
    summary = run_box_catch(
        episode_config,
        wandb_logger=wandb_logger,
        global_step_start=global_step,
    )
  File "/home/seohy/colcon_ws/src/Adaptive_Cost_MPC/acmpc/main_acmpc_box_catch.py", line 1927, in run_box_catch
    latest_update = learner.update(
        rollout,
        online=not config.offline_training,
        next_value=bootstrap_value,
    )
  File "/home/seohy/colcon_ws/src/Adaptive_Cost_MPC/control/mpc/online_actor_critic.py", line 889, in update
    self.critic_optimizer.step()
    ~~~~~~~~~~~~~~~~~~~~~~~~~~^^
  File "/home/seohy/miniconda3/lib/python3.13/site-packages/torch/optim/optimizer.py", line 517, in wrapper
    out = func(*args, **kwargs)
  File "/home/seohy/miniconda3/lib/python3.13/site-packages/torch/optim/optimizer.py", line 82, in _use_grad
    ret = func(*args, **kwargs)
  File "/home/seohy/miniconda3/lib/python3.13/site-packages/torch/optim/adam.py", line 247, in step
    adam(
    ~~~~^
        params_with_grad,
        ^^^^^^^^^^^^^^^^^
    ...<19 lines>...
        decoupled_weight_decay=group["decoupled_weight_decay"],
        ^^^^^^^^^^^^^^^^^^^^^^^^^^^^^^^^^^^^^^^^^^^^^^^^^^^^^^^
    )
    ^
  File "/home/seohy/miniconda3/lib/python3.13/site-packages/torch/optim/optimizer.py", line 150, in maybe_fallback
    return func(*args, **kwargs)
  File "/home/seohy/miniconda3/lib/python3.13/site-packages/torch/optim/adam.py", line 953, in adam
    func(
    ~~~~^
        params,
        ^^^^^^^
    ...<17 lines>...
        decoupled_weight_decay=decoupled_weight_decay,
        ^^^^^^^^^^^^^^^^^^^^^^^^^^^^^^^^^^^^^^^^^^^^^^
    )
    ^
  File "/home/seohy/miniconda3/lib/python3.13/site-packages/torch/optim/adam.py", line 762, in _multi_tensor_adam
    1 - beta2 ** _get_value(step) for step in device_state_steps
                 ~~~~~~~~~~^^^^^^
  File "/home/seohy/miniconda3/lib/python3.13/site-packages/torch/optim/optimizer.py", line 97, in _get_value
    return x.item() if isinstance(x, torch.Tensor) else x
           ~~~~~~^^
KeyboardInterrupt
