episodes 0-19: success_rate=0.900 mean_reward=297.78 mean_actor_loss=0.0125 mean_kl=0.0000 stage=full scheduler_success_rate=0.667
episodes 20-39: success_rate=0.900 mean_reward=239.03 mean_actor_loss=0.0124 mean_kl=0.0000 stage=intermediate scheduler_success_rate=0.600
episodes 40-59: success_rate=1.000 mean_reward=82.66 mean_actor_loss=0.0124 mean_kl=0.0000 stage=warmup scheduler_success_rate=0.667
episodes 60-79: success_rate=0.950 mean_reward=32.94 mean_actor_loss=0.0125 mean_kl=0.0000 stage=warmup scheduler_success_rate=0.600
episodes 80-99: success_rate=1.000 mean_reward=240.71 mean_actor_loss=0.0124 mean_kl=0.0000 stage=intermediate scheduler_success_rate=1.000
episodes 100-119: success_rate=0.900 mean_reward=461.14 mean_actor_loss=0.0124 mean_kl=0.0000 stage=intermediate scheduler_success_rate=0.000
episodes 120-139: success_rate=1.000 mean_reward=234.04 mean_actor_loss=0.0125 mean_kl=0.0000 stage=warmup scheduler_success_rate=1.000
episodes 140-159: success_rate=0.950 mean_reward=289.08 mean_actor_loss=0.0124 mean_kl=0.0000 stage=warmup scheduler_success_rate=0.000
episodes 160-179: success_rate=0.950 mean_reward=217.10 mean_actor_loss=0.0124 mean_kl=0.0000 stage=intermediate scheduler_success_rate=0.667
episodes 180-199: success_rate=1.000 mean_reward=236.42 mean_actor_loss=0.0124 mean_kl=0.0000 stage=warmup scheduler_success_rate=1.000
episodes 200-219: success_rate=1.000 mean_reward=143.24 mean_actor_loss=0.0124 mean_kl=0.0000 stage=warmup scheduler_success_rate=0.667
episodes 220-239: success_rate=1.000 mean_reward=282.31 mean_actor_loss=0.0124 mean_kl=0.0000 stage=full scheduler_success_rate=0.500
episodes 240-259: success_rate=1.000 mean_reward=53.55 mean_actor_loss=0.0124 mean_kl=0.0000 stage=warmup scheduler_success_rate=0.400
episodes 260-279: success_rate=1.000 mean_reward=94.72 mean_actor_loss=0.0124 mean_kl=0.0000 stage=warmup scheduler_success_rate=0.000
episodes 280-299: success_rate=1.000 mean_reward=98.56 mean_actor_loss=0.0124 mean_kl=0.0000 stage=intermediate scheduler_success_rate=0.667
episodes 300-319: success_rate=1.000 mean_reward=400.63 mean_actor_loss=0.0124 mean_kl=0.0000 stage=full scheduler_success_rate=0.500
episodes 320-339: success_rate=0.850 mean_reward=457.15 mean_actor_loss=0.0124 mean_kl=0.0000 stage=intermediate scheduler_success_rate=1.000
episodes 340-359: success_rate=1.000 mean_reward=-18.00 mean_actor_loss=0.0124 mean_kl=0.0000 stage=warmup scheduler_success_rate=0.667
episodes 360-379: success_rate=1.000 mean_reward=-85.32 mean_actor_loss=0.0125 mean_kl=0.0000 stage=warmup scheduler_success_rate=0.333
episodes 380-399: success_rate=1.000 mean_reward=-172.29 mean_actor_loss=0.0124 mean_kl=0.0000 stage=warmup scheduler_success_rate=0.333
episodes 400-419: success_rate=1.000 mean_reward=82.52 mean_actor_loss=0.0125 mean_kl=0.0000 stage=warmup scheduler_success_rate=0.750
episodes 420-439: success_rate=1.000 mean_reward=207.39 mean_actor_loss=0.0124 mean_kl=0.0000 stage=intermediate scheduler_success_rate=1.000
episodes 440-459: success_rate=1.000 mean_reward=392.21 mean_actor_loss=0.0125 mean_kl=0.0000 stage=full scheduler_success_rate=1.000
episodes 460-479: success_rate=1.000 mean_reward=89.13 mean_actor_loss=0.0124 mean_kl=0.0000 stage=warmup scheduler_success_rate=0.500
episodes 480-499: success_rate=0.900 mean_reward=291.55 mean_actor_loss=0.0123 mean_kl=0.0000 stage=intermediate scheduler_success_rate=1.000
episodes 500-519: success_rate=0.950 mean_reward=195.59 mean_actor_loss=0.0124 mean_kl=0.0000 stage=intermediate scheduler_success_rate=1.000
episodes 520-539: success_rate=0.800 mean_reward=-40.09 mean_actor_loss=0.0124 mean_kl=0.0000 stage=intermediate scheduler_success_rate=0.750
episodes 540-559: success_rate=0.950 mean_reward=223.16 mean_actor_loss=0.0124 mean_kl=0.0000 stage=intermediate scheduler_success_rate=0.000
episodes 560-579: success_rate=1.000 mean_reward=1.69 mean_actor_loss=0.0124 mean_kl=0.0000 stage=warmup scheduler_success_rate=0.500
episodes 580-599: success_rate=1.000 mean_reward=489.41 mean_actor_loss=0.0124 mean_kl=0.0000 stage=full scheduler_success_rate=0.000
episodes 600-619: success_rate=1.000 mean_reward=126.00 mean_actor_loss=0.0125 mean_kl=0.0000 stage=warmup scheduler_success_rate=0.667
episodes 620-639: success_rate=1.000 mean_reward=4.31 mean_actor_loss=0.0124 mean_kl=0.0000 stage=warmup scheduler_success_rate=0.667
episodes 640-659: success_rate=1.000 mean_reward=27.42 mean_actor_loss=0.0125 mean_kl=0.0000 stage=warmup scheduler_success_rate=0.500
episodes 660-679: success_rate=1.000 mean_reward=-178.88 mean_actor_loss=0.0125 mean_kl=0.0000 stage=warmup scheduler_success_rate=0.667
episodes 680-699: success_rate=0.950 mean_reward=34.31 mean_actor_loss=0.0124 mean_kl=0.0000 stage=warmup scheduler_success_rate=0.500
episodes 700-719: success_rate=0.950 mean_reward=129.96 mean_actor_loss=0.0124 mean_kl=0.0000 stage=full scheduler_success_rate=0.000
episodes 720-739: success_rate=0.950 mean_reward=166.86 mean_actor_loss=0.0125 mean_kl=0.0000 stage=intermediate scheduler_success_rate=0.000
episodes 740-759: success_rate=1.000 mean_reward=308.75 mean_actor_loss=0.0124 mean_kl=0.0000 stage=intermediate scheduler_success_rate=0.500
episodes 760-779: success_rate=0.950 mean_reward=323.99 mean_actor_loss=0.0124 mean_kl=0.0000 stage=intermediate scheduler_success_rate=1.000
episodes 780-799: success_rate=0.800 mean_reward=262.14 mean_actor_loss=0.0125 mean_kl=0.0000 stage=intermediate scheduler_success_rate=1.000
episodes 800-819: success_rate=1.000 mean_reward=79.95 mean_actor_loss=0.0124 mean_kl=0.0000 stage=warmup scheduler_success_rate=0.667
episodes 820-839: success_rate=0.900 mean_reward=172.12 mean_actor_loss=0.0124 mean_kl=0.0000 stage=warmup scheduler_success_rate=0.667
